ARM Linker, 5.03 [Build 69] [MDK-ARM Standard]

==============================================================================

Section Cross References

    system_stm32f4xx.o(.text) refers to system_stm32f4xx.o(.data) for SystemCoreClock
    startup_stm32f4xx.o(RESET) refers to startup_stm32f4xx.o(STACK) for __initial_sp
    startup_stm32f4xx.o(RESET) refers to startup_stm32f4xx.o(.text) for Reset_Handler
    startup_stm32f4xx.o(RESET) refers to hal_cm4.o(.emb_text) for SVC_Handler
    startup_stm32f4xx.o(RESET) refers to main.o(.text) for EXTI0_IRQHandler
    startup_stm32f4xx.o(.text) refers to system_stm32f4xx.o(.text) for SystemInit
    startup_stm32f4xx.o(.text) refers to entry.o(.ARM.Collect$$$$00000000) for __main
    rtx_conf_cm.o(.ARM.Collect$$$$000000FF) refers to rt_cmsis.o(i.osKernelStart) for osKernelStart
    rtx_conf_cm.o(.ARM.Collect$$$$000000FF) refers to rtx_conf_cm.o(.constdata) for .constdata
    rtx_conf_cm.o(.constdata) refers to rt_cmsis.o(i.osTimerThread) for osTimerThread
    rtx_conf_cm.o(.constdata) refers to rtx_conf_cm.o(.bss) for os_messageQ_q_osTimerMessageQ
    rtx_conf_cm.o(.constdata) refers to main.o(.text) for main
    main.o(.text) refers to movingaveragefilter.o(.text) for initializeFilter
    main.o(.text) refers to finitestatemachine.o(.text) for initializeFSM
    main.o(.text) refers to accelerometermanager.o(.text) for initializeAccelerometer
    main.o(.text) refers to adcmanager.o(.text) for configureADC
    main.o(.text) refers to timermanager.o(.text) for initializeTIM4Timer
    main.o(.text) refers to rt_cmsis.o(i.osThreadCreate) for osThreadCreate
    main.o(.text) refers to stm32f4xx_tim.o(.text) for TIM_ClearITPendingBit
    main.o(.text) refers to rt_cmsis.o(i.osSignalSet) for osSignalSet
    main.o(.text) refers to stm32f4xx_exti.o(.text) for EXTI_ClearITPendingBit
    main.o(.text) refers to rt_cmsis.o(i.osSignalWait) for osSignalWait
    main.o(.text) refers to main.o(.constdata) for os_thread_def_temperatureThread
    main.o(.text) refers to main.o(.data) for tid_temperatureThread
    main.o(.constdata) refers to main.o(.text) for temperatureThread
    accelerometermanager.o(.text) refers to stm32f4_discovery_lis302dl.o(.text) for LIS302DL_Init
    accelerometermanager.o(.text) refers to stm32f4xx_rcc.o(.text) for RCC_AHB1PeriphClockCmd
    accelerometermanager.o(.text) refers to stm32f4xx_gpio.o(.text) for GPIO_Init
    accelerometermanager.o(.text) refers to stm32f4xx_syscfg.o(.text) for SYSCFG_EXTILineConfig
    accelerometermanager.o(.text) refers to stm32f4xx_exti.o(.text) for EXTI_StructInit
    accelerometermanager.o(.text) refers to misc.o(.text) for NVIC_Init
    accelerometermanager.o(.text) refers to dmul.o(.text) for __aeabi_dmul
    accelerometermanager.o(.text) refers to ddiv.o(.text) for __aeabi_ddiv
    accelerometermanager.o(.text) refers to dfixi.o(.text) for __aeabi_d2iz
    accelerometermanager.o(.text) refers to movingaveragefilter.o(.text) for getXValue
    accelerometermanager.o(.text) refers to dflti.o(.text) for __aeabi_i2d
    accelerometermanager.o(.text) refers to dadd.o(.text) for __aeabi_dadd
    accelerometermanager.o(.text) refers to sqrt.o(i.__hardfp_sqrt) for __hardfp_sqrt
    accelerometermanager.o(.text) refers to atan.o(i.__hardfp_atan) for __hardfp_atan
    accelerometermanager.o(.text) refers to accelerometermanager.o(.data) for AxOffset
    finitestatemachine.o(.text) refers to rt_cmsis.o(i.osMutexCreate) for osMutexCreate
    finitestatemachine.o(.text) refers to rt_cmsis.o(i.osMutexWait) for osMutexWait
    finitestatemachine.o(.text) refers to rt_cmsis.o(i.osMutexRelease) for osMutexRelease
    finitestatemachine.o(.text) refers to ledmanager.o(.text) for turnOffLED12
    finitestatemachine.o(.text) refers to rt_cmsis.o(i.osDelay) for osDelay
    finitestatemachine.o(.text) refers to movingaveragefilter.o(.text) for getTemperatureAverage
    finitestatemachine.o(.text) refers to accelerometermanager.o(.text) for getAngles
    finitestatemachine.o(.text) refers to finitestatemachine.o(.data) for currentState
    finitestatemachine.o(.text) refers to finitestatemachine.o(.constdata) for os_mutex_def_currentState_mutex
    finitestatemachine.o(.constdata) refers to finitestatemachine.o(.bss) for os_mutex_cb_currentState_mutex
    ledmanager.o(.text) refers to stm32f4xx_rcc.o(.text) for RCC_AHB1PeriphClockCmd
    ledmanager.o(.text) refers to stm32f4xx_gpio.o(.text) for GPIO_StructInit
    ledmanager.o(.text) refers to ledmanager.o(.data) for isLed12On
    movingaveragefilter.o(.text) refers to rt_cmsis.o(i.osMutexCreate) for osMutexCreate
    movingaveragefilter.o(.text) refers to rt_cmsis.o(i.osMutexWait) for osMutexWait
    movingaveragefilter.o(.text) refers to rt_cmsis.o(i.osMutexRelease) for osMutexRelease
    movingaveragefilter.o(.text) refers to dflti.o(.text) for __aeabi_i2d
[...]
    i.sysTimerTick                           0x080058f0   Section        0  rt_cmsis.o(i.sysTimerTick)
    .constdata                               0x08005944   Section       88  rtx_conf_cm.o(.constdata)
    __tagsym$$used                           0x08005958   Number         0  rtx_conf_cm.o(.constdata)
    __tagsym$$used                           0x0800595c   Number         0  rtx_conf_cm.o(.constdata)
    .constdata                               0x0800599c   Section       80  main.o(.constdata)
    .constdata                               0x080059ec   Section       40  finitestatemachine.o(.constdata)
    .constdata                               0x08005a14   Section       20  movingaveragefilter.o(.constdata)
    .constdata                               0x08005a28   Section      152  atan.o(.constdata)
    atanhi                                   0x08005a28   Data          32  atan.o(.constdata)
    atanlo                                   0x08005a48   Data          32  atan.o(.constdata)
    aTodd                                    0x08005a68   Data          40  atan.o(.constdata)
    aTeven                                   0x08005a90   Data          48  atan.o(.constdata)
    .bss                                     0x10000000   Section     6992  rtx_conf_cm.o(.bss)
    .data                                    0x20000000   Section       20  system_stm32f4xx.o(.data)
    .data                                    0x20000014   Section       16  rtx_conf_cm.o(.data)
    .data                                    0x20000024   Section       20  main.o(.data)
    .data                                    0x20000038   Section       24  accelerometermanager.o(.data)
    .data                                    0x20000050   Section       26  finitestatemachine.o(.data)
    .data                                    0x2000006a   Section        5  ledmanager.o(.data)
    .data                                    0x20000070   Section       36  movingaveragefilter.o(.data)
    .data                                    0x20000094   Section        6  adcmanager.o(.data)
    .data                                    0x2000009a   Section       16  stm32f4xx_rcc.o(.data)
    APBAHBPrescTable                         0x2000009a   Data          16  stm32f4xx_rcc.o(.data)
    .data                                    0x200000ac   Section        4  stm32f4_discovery_lis302dl.o(.data)
    .data                                    0x200000b0   Section        4  rt_cmsis.o(.data)
    .data                                    0x200000b4   Section        8  rt_task.o(.data)
    .data                                    0x200000bc   Section        3  rt_system.o(.data)
    os_lock                                  0x200000bc   Data           1  rt_system.o(.data)
    os_psh_flag                              0x200000bd   Data           1  rt_system.o(.data)
    pend_flags                               0x200000be   Data           1  rt_system.o(.data)
    .data                                    0x200000c0   Section        2  rt_time.o(.data)
    .data                                    0x200000c2   Section        1  hal_cm.o(.data)
    .data                                    0x200000c4   Section        8  rt_robin.o(.data)
    .data                                    0x200000cc   Section        4  errno.o(.data)
    _errno                                   0x200000cc   Data           4  errno.o(.data)
    .bss                                     0x200000d0   Section       12  finitestatemachine.o(.bss)
    .bss                                     0x200000e0   Section      528  movingaveragefilter.o(.bss)
    .bss                                     0x200002f0   Section       48  rt_task.o(.bss)
    .bss                                     0x20000320   Section       48  rt_list.o(.bss)
    STACK                                    0x20000350   Section     1024  startup_stm32f4xx.o(STACK)

    Global Symbols

    Symbol Name                              Value     Ov Type        Size  Object(Section)

    BuildAttributes$$THM_ISAv4$E$P$D$K$B$S$7EM$VFPi3$EXTD16$VFPS$VFMA$PE$A:L22UL41UL21$X:L11$S22US41US21$IEEE1$IW$USESV6$~STKCKD$USESV7$~SHL$OTIME$ROPI$IEEEX$EBA8$MICROLIB$REQ8$PRES8$EABIv2 0x00000000   Number         0  anon$$obj.o ABSOLUTE
    __ARM_use_no_argv                        0x00000000   Number         0  main.o ABSOLUTE
    __use_no_errno                           0x00000000   Number         0  useno.o ABSOLUTE
    __use_no_exception_handling              0x00000000   Number         0  useno.o ABSOLUTE
    __use_no_fp                              0x00000000   Number         0  useno.o ABSOLUTE
    __use_no_heap                            0x00000000   Number         0  useno.o ABSOLUTE
    __use_no_heap_region                     0x00000000   Number         0  useno.o ABSOLUTE
    __use_no_semihosting                     0x00000000   Number         0  useno.o ABSOLUTE
    __use_no_semihosting_swi                 0x00000000   Number         0  useno.o ABSOLUTE
    __use_no_signal_handling                 0x00000000   Number         0  useno.o ABSOLUTE
    __cpp_initialize__aeabi_                  - Undefined Weak Reference
    __cxa_finalize                            - Undefined Weak Reference
    __decompress                              - Undefined Weak Reference
    _clock_init                               - Undefined Weak Reference
    _microlib_exit                            - Undefined Weak Reference
    __Vectors_Size                           0x00000188   Number         0  startup_stm32f4xx.o ABSOLUTE
    __RL_RTX_VER                             0x00000422   Number         0  rt_system.o ABSOLUTE
    __Vectors                                0x08000000   Data           4  startup_stm32f4xx.o(RESET)
    __Vectors_End                            0x08000188   Data           0  startup_stm32f4xx.o(RESET)
    __main                                   0x08000189   Thumb Code     0  entry.o(.ARM.Collect$$$$00000000)
    _main_stk                                0x08000189   Thumb Code     0  entry2.o(.ARM.Collect$$$$00000001)
    _main_scatterload                        0x0800018d   Thumb Code     0  entry5.o(.ARM.Collect$$$$00000004)
    __main_after_scatterload                 0x08000191   Thumb Code     0  entry5.o(.ARM.Collect$$$$00000004)
    __rt_final_cpp                           0x08000191   Thumb Code     0  entry10a.o(.ARM.Collect$$$$0000000D)
    __rt_final_exit                          0x08000191   Thumb Code     0  entry11a.o(.ARM.Collect$$$$0000000F)
    _main_clock                              0x08000191   Thumb Code     0  entry7b.o(.ARM.Collect$$$$00000008)
    _main_cpp_init                           0x08000191   Thumb Code     0  entry8b.o(.ARM.Collect$$$$0000000A)
    _main_init                               0x08000191   Thumb Code    10  rtx_conf_cm.o(.ARM.Collect$$$$000000FF)
    rt_set_PSP                               0x080001a5   Thumb Code     6  hal_cm4.o(.emb_text)
    os_set_env                               0x080001ab   Thumb Code    26  hal_cm4.o(.emb_text)
    _alloc_box                               0x080001c9   Thumb Code    28  hal_cm4.o(.emb_text)
    _free_box                                0x080001e9   Thumb Code    28  hal_cm4.o(.emb_text)
    SVC_Handler                              0x08000209   Thumb Code   152  hal_cm4.o(.emb_text)
    PendSV_Handler                           0x080002ad   Thumb Code     0  hal_cm4.o(.emb_text)
    Sys_Handler                              0x080002ad   Thumb Code   104  hal_cm4.o(.emb_text)
    SysTick_Handler                          0x0800030d   Thumb Code     0  hal_cm4.o(.emb_text)
    SystemInit                               0x080003f3   Thumb Code    88  system_stm32f4xx.o(.text)
    SystemCoreClockUpdate                    0x0800044b   Thumb Code   174  system_stm32f4xx.o(.text)
    Reset_Handler                            0x08000525   Thumb Code     8  startup_stm32f4xx.o(.text)
    NMI_Handler                              0x0800052d   Thumb Code     2  startup_stm32f4xx.o(.text)
    HardFault_Handler                        0x0800052f   Thumb Code     2  startup_stm32f4xx.o(.text)
    MemManage_Handler                        0x08000531   Thumb Code     2  startup_stm32f4xx.o(.text)
    BusFault_Handler                         0x08000533   Thumb Code     2  startup_stm32f4xx.o(.text)
    UsageFault_Handler                       0x08000535   Thumb Code     2  startup_stm32f4xx.o(.text)
    DebugMon_Handler                         0x08000539   Thumb Code     2  startup_stm32f4xx.o(.text)
    ADC_IRQHandler                           0x0800053f   Thumb Code     0  startup_stm32f4xx.o(.text)
    CAN1_RX0_IRQHandler                      0x0800053f   Thumb Code     0  startup_stm32f4xx.o(.text)
    CAN1_RX1_IRQHandler                      0x0800053f   Thumb Code     0  startup_stm32f4xx.o(.text)
    CAN1_SCE_IRQHandler                      0x0800053f   Thumb Code     0  startup_stm32f4xx.o(.text)
    CAN1_TX_IRQHandler                       0x0800053f   Thumb Code     0  startup_stm32f4xx.o(.text)
    CAN2_RX0_IRQHandler                      0x0800053f   Thumb Code     0  startup_stm32f4xx.o(.text)
    CAN2_RX1_IRQHandler                      0x0800053f   Thumb Code     0  startup_stm32f4xx.o(.text)
    CAN2_SCE_IRQHandler                      0x0800053f   Thumb Code     0  startup_stm32f4xx.o(.text)
    CAN2_TX_IRQHandler                       0x0800053f   Thumb Code     0  startup_stm32f4xx.o(.text)
    CRYP_IRQHandler                          0x0800053f   Thumb Code     0  startup_stm32f4xx.o(.text)
    DCMI_IRQHandler                          0x0800053f   Thumb Code     0  startup_stm32f4xx.o(.text)
    DMA1_Stream0_IRQHandler                  0x0800053f   Thumb Code     0  startup_stm32f4xx.o(.text)
    DMA1_Stream1_IRQHandler                  0x0800053f   Thumb Code     0  startup_stm32f4xx.o(.text)
    DMA1_Stream2_IRQHandler                  0x0800053f   Thumb Code     0  startup_stm32f4xx.o(.text)
    DMA1_Stream3_IRQHandler                  0x0800053f   Thumb Code     0  startup_stm32f4xx.o(.text)
    DMA1_Stream4_IRQHandler                  0x0800053f   Thumb Code     0  startup_stm32f4xx.o(.text)
    DMA1_Stream5_IRQHandler                  0x0800053f   Thumb Code     0  startup_stm32f4xx.o(.text)
    DMA1_Stream6_IRQHandler                  0x0800053f   Thumb Code     0  startup_stm32f4xx.o(.text)
    DMA1_Stream7_IRQHandler                  0x0800053f   Thumb Code     0  startup_stm32f4xx.o(.text)
    DMA2_Stream0_IRQHandler                  0x0800053f   Thumb Code     0  startup_stm32f4xx.o(.text)
    DMA2_Stream1_IRQHandler                  0x0800053f   Thumb Code     0  startup_stm32f4xx.o(.text)
    DMA2_Stream2_IRQHandler                  0x0800053f   Thumb Code     0  startup_stm32f4xx.o(.text)
    DMA2_Stream3_IRQHandler                  0x0800053f   Thumb Code     0  startup_stm32f4xx.o(.text)
    DMA2_Stream4_IRQHandler                  0x0800053f   Thumb Code     0  startup_stm32f4xx.o(.text)
    DMA2_Stream5_IRQHandler                  0x0800053f   Thumb Code     0  startup_stm32f4xx.o(.text)
    DMA2_Stream6_IRQHandler                  0x0800053f   Thumb Code     0  startup_stm32f4xx.o(.text)
    DMA2_Stream7_IRQHandler                  0x0800053f   Thumb Code     0  startup_stm32f4xx.o(.text)
    ETH_IRQHandler                           0x0800053f   Thumb Code     0  startup_stm32f4xx.o(.text)
    ETH_WKUP_IRQHandler                      0x0800053f   Thumb Code     0  startup_stm32f4xx.o(.text)
    EXTI15_10_IRQHandler                     0x0800053f   Thumb Code     0  startup_stm32f4xx.o(.text)
    EXTI2_IRQHandler                         0x0800053f   Thumb Code     0  startup_stm32f4xx.o(.text)
    EXTI3_IRQHandler                         0x0800053f   Thumb Code     0  startup_stm32f4xx.o(.text)
    EXTI4_IRQHandler                         0x0800053f   Thumb Code     0  startup_stm32f4xx.o(.text)
    EXTI9_5_IRQHandler                       0x0800053f   Thumb Code     0  startup_stm32f4xx.o(.text)
    FLASH_IRQHandler                         0x0800053f   Thumb Code     0  startup_stm32f4xx.o(.text)
    FPU_IRQHandler                           0x0800053f   Thumb Code     0  startup_stm32f4xx.o(.text)
    FSMC_IRQHandler                          0x0800053f   Thumb Code     0  startup_stm32f4xx.o(.text)
    HASH_RNG_IRQHandler                      0x0800053f   Thumb Code     0  startup_stm32f4xx.o(.text)
    I2C1_ER_IRQHandler                       0x0800053f   Thumb Code     0  startup_stm32f4xx.o(.text)
    I2C1_EV_IRQHandler                       0x0800053f   Thumb Code     0  startup_stm32f4xx.o(.text)
    I2C2_ER_IRQHandler                       0x0800053f   Thumb Code     0  startup_stm32f4xx.o(.text)
    I2C2_EV_IRQHandler                       0x0800053f   Thumb Code     0  startup_stm32f4xx.o(.text)
    I2C3_ER_IRQHandler                       0x0800053f   Thumb Code     0  startup_stm32f4xx.o(.text)
    I2C3_EV_IRQHandler                       0x0800053f   Thumb Code     0  startup_stm32f4xx.o(.text)
    OTG_FS_IRQHandler                        0x0800053f   Thumb Code     0  startup_stm32f4xx.o(.text)
    OTG_FS_WKUP_IRQHandler                   0x0800053f   Thumb Code     0  startup_stm32f4xx.o(.text)
    OTG_HS_EP1_IN_IRQHandler                 0x0800053f   Thumb Code     0  startup_stm32f4xx.o(.text)
    OTG_HS_EP1_OUT_IRQHandler                0x0800053f   Thumb Code     0  startup_stm32f4xx.o(.text)
    OTG_HS_IRQHandler                        0x0800053f   Thumb Code     0  startup_stm32f4xx.o(.text)
    OTG_HS_WKUP_IRQHandler                   0x0800053f   Thumb Code     0  startup_stm32f4xx.o(.text)
    PVD_IRQHandler                           0x0800053f   Thumb Code     0  startup_stm32f4xx.o(.text)
    RCC_IRQHandler                           0x0800053f   Thumb Code     0  startup_stm32f4xx.o(.text)
    RTC_Alarm_IRQHandler                     0x0800053f   Thumb Code     0  startup_stm32f4xx.o(.text)
    RTC_WKUP_IRQHandler                      0x0800053f   Thumb Code     0  startup_stm32f4xx.o(.text)
    SDIO_IRQHandler                          0x0800053f   Thumb Code     0  startup_stm32f4xx.o(.text)
    SPI1_IRQHandler                          0x0800053f   Thumb Code     0  startup_stm32f4xx.o(.text)
    SPI2_IRQHandler                          0x0800053f   Thumb Code     0  startup_stm32f4xx.o(.text)
    SPI3_IRQHandler                          0x0800053f   Thumb Code     0  startup_stm32f4xx.o(.text)
    TAMP_STAMP_IRQHandler                    0x0800053f   Thumb Code     0  startup_stm32f4xx.o(.text)
    TIM1_BRK_TIM9_IRQHandler                 0x0800053f   Thumb Code     0  startup_stm32f4xx.o(.text)
    TIM1_CC_IRQHandler                       0x0800053f   Thumb Code     0  startup_stm32f4xx.o(.text)
    TIM1_TRG_COM_TIM11_IRQHandler            0x0800053f   Thumb Code     0  startup_stm32f4xx.o(.text)
    TIM1_UP_TIM10_IRQHandler                 0x0800053f   Thumb Code     0  startup_stm32f4xx.o(.text)
    TIM4_IRQHandler                          0x0800053f   Thumb Code     0  startup_stm32f4xx.o(.text)
    TIM6_DAC_IRQHandler                      0x0800053f   Thumb Code     0  startup_stm32f4xx.o(.text)
    TIM7_IRQHandler                          0x0800053f   Thumb Code     0  startup_stm32f4xx.o(.text)
    TIM8_BRK_TIM12_IRQHandler                0x0800053f   Thumb Code     0  startup_stm32f4xx.o(.text)
    TIM8_CC_IRQHandler                       0x0800053f   Thumb Code     0  startup_stm32f4xx.o(.text)
    TIM8_TRG_COM_TIM14_IRQHandler            0x0800053f   Thumb Code     0  startup_stm32f4xx.o(.text)
    TIM8_UP_TIM13_IRQHandler                 0x0800053f   Thumb Code     0  startup_stm32f4xx.o(.text)
    UART4_IRQHandler                         0x0800053f   Thumb Code     0  startup_stm32f4xx.o(.text)
    UART5_IRQHandler                         0x0800053f   Thumb Code     0  startup_stm32f4xx.o(.text)
    USART1_IRQHandler                        0x0800053f   Thumb Code     0  startup_stm32f4xx.o(.text)
    USART2_IRQHandler                        0x0800053f   Thumb Code     0  startup_stm32f4xx.o(.text)
    USART3_IRQHandler                        0x0800053f   Thumb Code     0  startup_stm32f4xx.o(.text)
    USART6_IRQHandler                        0x0800053f   Thumb Code     0  startup_stm32f4xx.o(.text)
    WWDG_IRQHandler                          0x0800053f   Thumb Code     0  startup_stm32f4xx.o(.text)
    os_idle_demon                            0x08000549   Thumb Code     4  rtx_conf_cm.o(.text)
    os_error                                 0x0800054d   Thumb Code     4  rtx_conf_cm.o(.text)
    preamble                                 0x08000551   Thumb Code   104  main.o(.text)
    main                                     0x080005b9   Thumb Code    10  main.o(.text)
    TIM2_IRQHandler                          0x080005c3   Thumb Code    22  main.o(.text)
    TIM3_IRQHandler                          0x080005d9   Thumb Code    22  main.o(.text)
    TIM5_IRQHandler                          0x080005ef   Thumb Code    22  main.o(.text)
    EXTI0_IRQHandler                         0x08000605   Thumb Code    20  main.o(.text)
    EXTI1_IRQHandler                         0x08000619   Thumb Code    20  main.o(.text)
    mainThread                               0x0800062d   Thumb Code    24  main.o(.text)
    temperatureThread                        0x08000645   Thumb Code    24  main.o(.text)
    accelerometerThread                      0x0800065d   Thumb Code    24  main.o(.text)
    buttonSwitchThread                       0x08000675   Thumb Code    24  main.o(.text)
    tapSwitchThread                          0x0800068d   Thumb Code    24  main.o(.text)
    initializeAccelerometer                  0x080006d5   Thumb Code    38  accelerometermanager.o(.text)
    activateEXTI1_On_NVIC                    0x080006fb   Thumb Code   124  accelerometermanager.o(.text)
    activateSingleTapDetectionInterrupt      0x08000777   Thumb Code   106  accelerometermanager.o(.text)
    activateButtonInterrupt                  0x080007e1   Thumb Code   110  accelerometermanager.o(.text)
    radianToDegree                           0x0800084f   Thumb Code    84  accelerometermanager.o(.text)
    getAngles                                0x080008a3   Thumb Code   340  accelerometermanager.o(.text)
    readAcceleration                         0x080009f7   Thumb Code    12  accelerometermanager.o(.text)
    fetchAllAxisAccelerations                0x08000a03   Thumb Code   208  accelerometermanager.o(.text)
    getCurrentState                          0x08000af9   Thumb Code     6  finitestatemachine.o(.text)
    initializeFSM                            0x08000aff   Thumb Code    24  finitestatemachine.o(.text)
    switchCurrentState                       0x08000b17   Thumb Code    68  finitestatemachine.o(.text)
    switchInternalState                      0x08000b5b   Thumb Code    94  finitestatemachine.o(.text)
    processTemperaturePWMState               0x08000bb9   Thumb Code    30  finitestatemachine.o(.text)
    ccwLeds                                  0x08000bd7   Thumb Code    54  finitestatemachine.o(.text)
    cwLeds                                   0x08000c0d   Thumb Code    54  finitestatemachine.o(.text)
    processTemperatureNORMALState            0x08000c43   Thumb Code   206  finitestatemachine.o(.text)
    processAccelerometerPWMState             0x08000d11   Thumb Code   122  finitestatemachine.o(.text)
    processAccelerometerNormalState          0x08000d8b   Thumb Code   456  finitestatemachine.o(.text)
    processCurrentState                      0x08000f53   Thumb Code    72  finitestatemachine.o(.text)
    turnOffLED12                             0x08000fa5   Thumb Code     8  ledmanager.o(.text)
    turnOffLED13                             0x08000fad   Thumb Code     8  ledmanager.o(.text)
    turnOffLED14                             0x08000fb5   Thumb Code     8  ledmanager.o(.text)
    turnOffLED15                             0x08000fbd   Thumb Code     8  ledmanager.o(.text)
    turnOnLED12                              0x08000fc5   Thumb Code     8  ledmanager.o(.text)
    turnOnLED13                              0x08000fcd   Thumb Code     8  ledmanager.o(.text)
    turnOnLED14                              0x08000fd5   Thumb Code     8  ledmanager.o(.text)
    turnOnLED15                              0x08000fdd   Thumb Code     8  ledmanager.o(.text)
    invertLED12                              0x08000fe5   Thumb Code    22  ledmanager.o(.text)
    invertLED13                              0x08000ffb   Thumb Code    22  ledmanager.o(.text)
    invertLED14                              0x08001011   Thumb Code    22  ledmanager.o(.text)
    invertLED15                              0x08001027   Thumb Code    22  ledmanager.o(.text)
    processLEDStates                         0x0800103d   Thumb Code   102  ledmanager.o(.text)
    enableGPIOForFrequencyVerification       0x080010a3   Thumb Code    54  ledmanager.o(.text)
    inverseGPIOPinForFrequencyVerification   0x080010d9   Thumb Code    46  ledmanager.o(.text)
    initializeFilter                         0x08001125   Thumb Code    44  movingaveragefilter.o(.text)
    setTemperature                           0x08001151   Thumb Code    30  movingaveragefilter.o(.text)
    computeTemperature                       0x0800116f   Thumb Code   110  movingaveragefilter.o(.text)
    addToTemperatureBuffer                   0x080011dd   Thumb Code    60  movingaveragefilter.o(.text)
    getTemperatureAverage                    0x08001219   Thumb Code    30  movingaveragefilter.o(.text)
    setXValue                                0x08001237   Thumb Code    30  movingaveragefilter.o(.text)
    computeXAcceleration                     0x08001255   Thumb Code   110  movingaveragefilter.o(.text)
    addToXBuffer                             0x080012c3   Thumb Code    60  movingaveragefilter.o(.text)
    getXValue                                0x080012ff   Thumb Code    30  movingaveragefilter.o(.text)
    setYValue                                0x0800131d   Thumb Code    30  movingaveragefilter.o(.text)
    computeYAcceleration                     0x0800133b   Thumb Code   110  movingaveragefilter.o(.text)
    addToYBuffer                             0x080013a9   Thumb Code    60  movingaveragefilter.o(.text)
    getYValue                                0x080013e5   Thumb Code    30  movingaveragefilter.o(.text)
    setZValue                                0x08001403   Thumb Code    30  movingaveragefilter.o(.text)
    computeZAcceleration                     0x08001421   Thumb Code   110  movingaveragefilter.o(.text)
    addToZBuffer                             0x0800148f   Thumb Code    60  movingaveragefilter.o(.text)
    getZValue                                0x080014cb   Thumb Code    30  movingaveragefilter.o(.text)
    activateTIM3Interrupt                    0x08001539   Thumb Code    32  timermanager.o(.text)
    initializeTIM3Timer                      0x08001559   Thumb Code    66  timermanager.o(.text)
    activateTIM2Interrupt                    0x0800159b   Thumb Code    32  timermanager.o(.text)
    initializeTIM2Timer                      0x080015bb   Thumb Code    68  timermanager.o(.text)
    activateTIM5Interrupt                    0x080015ff   Thumb Code    32  timermanager.o(.text)
    initializeTIM5Timer                      0x0800161f   Thumb Code    66  timermanager.o(.text)
    setupGPIOForTIM4                         0x08001661   Thumb Code    96  timermanager.o(.text)
    initializeTIM4Timer                      0x080016c1   Thumb Code   174  timermanager.o(.text)
    getCelsius                               0x08001781   Thumb Code    56  adcmanager.o(.text)
    configureADC                             0x080017b9   Thumb Code    90  adcmanager.o(.text)
    acquireADCValue                          0x08001813   Thumb Code    56  adcmanager.o(.text)
    NVIC_PriorityGroupConfig                 0x08001865   Thumb Code    10  misc.o(.text)
    NVIC_Init                                0x0800186f   Thumb Code   108  misc.o(.text)
    NVIC_SetVectorTable                      0x080018db   Thumb Code    14  misc.o(.text)
    NVIC_SystemLPConfig                      0x080018e9   Thumb Code    34  misc.o(.text)
    SysTick_CLKSourceConfig                  0x0800190b   Thumb Code    40  misc.o(.text)
    ADC_DeInit                               0x08001949   Thumb Code    22  stm32f4xx_adc.o(.text)
    ADC_Init                                 0x0800195f   Thumb Code    74  stm32f4xx_adc.o(.text)
    ADC_StructInit                           0x080019a9   Thumb Code    20  stm32f4xx_adc.o(.text)
    ADC_CommonInit                           0x080019bd   Thumb Code    44  stm32f4xx_adc.o(.text)
    ADC_CommonStructInit                     0x080019e9   Thumb Code    12  stm32f4xx_adc.o(.text)
    ADC_Cmd                                  0x080019f5   Thumb Code    22  stm32f4xx_adc.o(.text)
    ADC_AnalogWatchdogCmd                    0x08001a0b   Thumb Code    16  stm32f4xx_adc.o(.text)
    ADC_AnalogWatchdogThresholdsConfig       0x08001a1b   Thumb Code     6  stm32f4xx_adc.o(.text)
    ADC_AnalogWatchdogSingleChannelConfig    0x08001a21   Thumb Code    16  stm32f4xx_adc.o(.text)
    ADC_TempSensorVrefintCmd                 0x08001a31   Thumb Code    34  stm32f4xx_adc.o(.text)
    ADC_VBATCmd                              0x08001a53   Thumb Code    34  stm32f4xx_adc.o(.text)
    ADC_RegularChannelConfig                 0x08001a75   Thumb Code   184  stm32f4xx_adc.o(.text)
    ADC_SoftwareStartConv                    0x08001b2d   Thumb Code    10  stm32f4xx_adc.o(.text)
    ADC_GetSoftwareStartConvStatus           0x08001b37   Thumb Code    20  stm32f4xx_adc.o(.text)
    ADC_EOCOnEachRegularChannelCmd           0x08001b4b   Thumb Code    22  stm32f4xx_adc.o(.text)
    ADC_ContinuousModeCmd                    0x08001b61   Thumb Code    22  stm32f4xx_adc.o(.text)
    ADC_DiscModeChannelCountConfig           0x08001b77   Thumb Code    24  stm32f4xx_adc.o(.text)
    ADC_DiscModeCmd                          0x08001b8f   Thumb Code    22  stm32f4xx_adc.o(.text)
    ADC_GetConversionValue                   0x08001ba5   Thumb Code     8  stm32f4xx_adc.o(.text)
    ADC_GetMultiModeConversionValue          0x08001bad   Thumb Code     6  stm32f4xx_adc.o(.text)
    ADC_DMACmd                               0x08001bb3   Thumb Code    22  stm32f4xx_adc.o(.text)
    ADC_DMARequestAfterLastTransferCmd       0x08001bc9   Thumb Code    22  stm32f4xx_adc.o(.text)
    ADC_MultiModeDMARequestAfterLastTransferCmd 0x08001bdf   Thumb Code    34  stm32f4xx_adc.o(.text)
    ADC_InjectedChannelConfig                0x08001c01   Thumb Code   130  stm32f4xx_adc.o(.text)
    ADC_InjectedSequencerLengthConfig        0x08001c83   Thumb Code    24  stm32f4xx_adc.o(.text)
    ADC_SetInjectedOffset                    0x08001c9b   Thumb Code    20  stm32f4xx_adc.o(.text)
    ADC_ExternalTrigInjectedConvConfig       0x08001caf   Thumb Code    16  stm32f4xx_adc.o(.text)
    ADC_ExternalTrigInjectedConvEdgeConfig   0x08001cbf   Thumb Code    16  stm32f4xx_adc.o(.text)
    ADC_SoftwareStartInjectedConv            0x08001ccf   Thumb Code    10  stm32f4xx_adc.o(.text)
    ADC_GetSoftwareStartInjectedConvCmdStatus 0x08001cd9   Thumb Code    20  stm32f4xx_adc.o(.text)
    ADC_AutoInjectedConvCmd                  0x08001ced   Thumb Code    22  stm32f4xx_adc.o(.text)
    ADC_InjectedDiscModeCmd                  0x08001d03   Thumb Code    22  stm32f4xx_adc.o(.text)
    ADC_GetInjectedConversionValue           0x08001d19   Thumb Code    28  stm32f4xx_adc.o(.text)
    ADC_ITConfig                             0x08001d35   Thumb Code    60  stm32f4xx_adc.o(.text)
    ADC_GetFlagStatus                        0x08001d71   Thumb Code    18  stm32f4xx_adc.o(.text)
    ADC_ClearFlag                            0x08001d83   Thumb Code     6  stm32f4xx_adc.o(.text)
    ADC_GetITStatus                          0x08001d89   Thumb Code    38  stm32f4xx_adc.o(.text)
    ADC_ClearITPendingBit                    0x08001daf   Thumb Code    10  stm32f4xx_adc.o(.text)
    EXTI_DeInit                              0x08001db9   Thumb Code    28  stm32f4xx_exti.o(.text)
    EXTI_Init                                0x08001dd5   Thumb Code   142  stm32f4xx_exti.o(.text)
    EXTI_StructInit                          0x08001e63   Thumb Code    16  stm32f4xx_exti.o(.text)
    EXTI_GenerateSWInterrupt                 0x08001e73   Thumb Code    16  stm32f4xx_exti.o(.text)
    EXTI_GetFlagStatus                       0x08001e83   Thumb Code    22  stm32f4xx_exti.o(.text)
    EXTI_ClearFlag                           0x08001e99   Thumb Code     8  stm32f4xx_exti.o(.text)
    EXTI_GetITStatus                         0x08001ea1   Thumb Code    34  stm32f4xx_exti.o(.text)
    EXTI_ClearITPendingBit                   0x08001ec3   Thumb Code     8  stm32f4xx_exti.o(.text)
    GPIO_DeInit                              0x08001ed5   Thumb Code   220  stm32f4xx_gpio.o(.text)
    GPIO_Init                                0x08001fb1   Thumb Code   144  stm32f4xx_gpio.o(.text)
    GPIO_StructInit                          0x08002041   Thumb Code    18  stm32f4xx_gpio.o(.text)
    GPIO_PinLockConfig                       0x08002053   Thumb Code    34  stm32f4xx_gpio.o(.text)
    GPIO_ReadInputDataBit                    0x08002075   Thumb Code    18  stm32f4xx_gpio.o(.text)
    GPIO_ReadInputData                       0x08002087   Thumb Code     8  stm32f4xx_gpio.o(.text)
    GPIO_ReadOutputDataBit                   0x0800208f   Thumb Code    18  stm32f4xx_gpio.o(.text)
    GPIO_ReadOutputData                      0x080020a1   Thumb Code     8  stm32f4xx_gpio.o(.text)
    GPIO_SetBits                             0x080020a9   Thumb Code     4  stm32f4xx_gpio.o(.text)
    GPIO_ResetBits                           0x080020ad   Thumb Code     4  stm32f4xx_gpio.o(.text)
    GPIO_WriteBit                            0x080020b1   Thumb Code    10  stm32f4xx_gpio.o(.text)
    GPIO_Write                               0x080020bb   Thumb Code     4  stm32f4xx_gpio.o(.text)
    GPIO_ToggleBits                          0x080020bf   Thumb Code     8  stm32f4xx_gpio.o(.text)
    GPIO_PinAFConfig                         0x080020c7   Thumb Code    70  stm32f4xx_gpio.o(.text)
    RCC_DeInit                               0x08002131   Thumb Code    60  stm32f4xx_rcc.o(.text)
    RCC_HSEConfig                            0x0800216d   Thumb Code    14  stm32f4xx_rcc.o(.text)
    RCC_GetFlagStatus                        0x0800217b   Thumb Code    60  stm32f4xx_rcc.o(.text)
    RCC_WaitForHSEStartUp                    0x080021b7   Thumb Code    56  stm32f4xx_rcc.o(.text)
    RCC_AdjustHSICalibrationValue            0x080021ef   Thumb Code    20  stm32f4xx_rcc.o(.text)
    RCC_HSICmd                               0x08002203   Thumb Code     6  stm32f4xx_rcc.o(.text)
    RCC_LSEConfig                            0x08002209   Thumb Code    46  stm32f4xx_rcc.o(.text)
    RCC_LSICmd                               0x08002237   Thumb Code     6  stm32f4xx_rcc.o(.text)
    RCC_PLLConfig                            0x0800223d   Thumb Code    32  stm32f4xx_rcc.o(.text)
    RCC_PLLCmd                               0x0800225d   Thumb Code     6  stm32f4xx_rcc.o(.text)
    RCC_PLLI2SConfig                         0x08002263   Thumb Code    14  stm32f4xx_rcc.o(.text)
    RCC_PLLI2SCmd                            0x08002271   Thumb Code     6  stm32f4xx_rcc.o(.text)
    RCC_ClockSecuritySystemCmd               0x08002277   Thumb Code     6  stm32f4xx_rcc.o(.text)
    RCC_MCO1Config                           0x0800227d   Thumb Code    28  stm32f4xx_rcc.o(.text)
    RCC_MCO2Config                           0x08002299   Thumb Code    28  stm32f4xx_rcc.o(.text)
    RCC_SYSCLKConfig                         0x080022b5   Thumb Code    20  stm32f4xx_rcc.o(.text)
    RCC_GetSYSCLKSource                      0x080022c9   Thumb Code    12  stm32f4xx_rcc.o(.text)
    RCC_HCLKConfig                           0x080022d5   Thumb Code    20  stm32f4xx_rcc.o(.text)
    RCC_PCLK1Config                          0x080022e9   Thumb Code    20  stm32f4xx_rcc.o(.text)
    RCC_PCLK2Config                          0x080022fd   Thumb Code    22  stm32f4xx_rcc.o(.text)
    RCC_GetClocksFreq                        0x08002313   Thumb Code   222  stm32f4xx_rcc.o(.text)
    RCC_RTCCLKConfig                         0x080023f1   Thumb Code    54  stm32f4xx_rcc.o(.text)
    RCC_RTCCLKCmd                            0x08002427   Thumb Code     8  stm32f4xx_rcc.o(.text)
    RCC_BackupResetCmd                       0x0800242f   Thumb Code     8  stm32f4xx_rcc.o(.text)
    RCC_I2SCLKConfig                         0x08002437   Thumb Code     6  stm32f4xx_rcc.o(.text)
    RCC_AHB1PeriphClockCmd                   0x0800243d   Thumb Code    34  stm32f4xx_rcc.o(.text)
    RCC_AHB2PeriphClockCmd                   0x0800245f   Thumb Code    34  stm32f4xx_rcc.o(.text)
    RCC_AHB3PeriphClockCmd                   0x08002481   Thumb Code    34  stm32f4xx_rcc.o(.text)
    RCC_APB1PeriphClockCmd                   0x080024a3   Thumb Code    34  stm32f4xx_rcc.o(.text)
    RCC_APB2PeriphClockCmd                   0x080024c5   Thumb Code    34  stm32f4xx_rcc.o(.text)
    RCC_AHB1PeriphResetCmd                   0x080024e7   Thumb Code    34  stm32f4xx_rcc.o(.text)
    RCC_AHB2PeriphResetCmd                   0x08002509   Thumb Code    72  stm32f4xx_rcc.o(.text)
    RCC_AHB3PeriphResetCmd                   0x08002551   Thumb Code    34  stm32f4xx_rcc.o(.text)
    RCC_APB1PeriphResetCmd                   0x08002573   Thumb Code    34  stm32f4xx_rcc.o(.text)
    RCC_APB2PeriphResetCmd                   0x08002595   Thumb Code    34  stm32f4xx_rcc.o(.text)
    RCC_AHB1PeriphClockLPModeCmd             0x080025b7   Thumb Code    34  stm32f4xx_rcc.o(.text)
    RCC_AHB2PeriphClockLPModeCmd             0x080025d9   Thumb Code    34  stm32f4xx_rcc.o(.text)
    RCC_AHB3PeriphClockLPModeCmd             0x080025fb   Thumb Code    34  stm32f4xx_rcc.o(.text)
    RCC_APB1PeriphClockLPModeCmd             0x0800261d   Thumb Code    34  stm32f4xx_rcc.o(.text)
    RCC_APB2PeriphClockLPModeCmd             0x0800263f   Thumb Code    34  stm32f4xx_rcc.o(.text)
    RCC_ITConfig                             0x08002661   Thumb Code    34  stm32f4xx_rcc.o(.text)
    RCC_ClearFlag                            0x08002683   Thumb Code    18  stm32f4xx_rcc.o(.text)
    RCC_GetITStatus                          0x08002695   Thumb Code    22  stm32f4xx_rcc.o(.text)
    RCC_ClearITPendingBit                    0x080026ab   Thumb Code     8  stm32f4xx_rcc.o(.text)
    SPI_I2S_DeInit                           0x080026b9   Thumb Code    76  stm32f4xx_spi.o(.text)
    SPI_Init                                 0x08002705   Thumb Code    60  stm32f4xx_spi.o(.text)
    I2S_Init                                 0x08002741   Thumb Code   346  stm32f4xx_spi.o(.text)
    SPI_StructInit                           0x0800289b   Thumb Code    24  stm32f4xx_spi.o(.text)
    I2S_StructInit                           0x080028b3   Thumb Code    20  stm32f4xx_spi.o(.text)
    SPI_Cmd                                  0x080028c7   Thumb Code    24  stm32f4xx_spi.o(.text)
    I2S_Cmd                                  0x080028df   Thumb Code    24  stm32f4xx_spi.o(.text)
    SPI_DataSizeConfig                       0x080028f7   Thumb Code    18  stm32f4xx_spi.o(.text)
    SPI_BiDirectionalLineConfig              0x08002909   Thumb Code    28  stm32f4xx_spi.o(.text)
    SPI_NSSInternalSoftwareConfig            0x08002925   Thumb Code    30  stm32f4xx_spi.o(.text)
    SPI_SSOutputCmd                          0x08002943   Thumb Code    24  stm32f4xx_spi.o(.text)
    SPI_TIModeCmd                            0x0800295b   Thumb Code    24  stm32f4xx_spi.o(.text)
    I2S_FullDuplexConfig                     0x08002973   Thumb Code    80  stm32f4xx_spi.o(.text)
    SPI_I2S_ReceiveData                      0x080029c3   Thumb Code     6  stm32f4xx_spi.o(.text)
    SPI_I2S_SendData                         0x080029c9   Thumb Code     4  stm32f4xx_spi.o(.text)
    SPI_CalculateCRC                         0x080029cd   Thumb Code    24  stm32f4xx_spi.o(.text)
    SPI_TransmitCRC                          0x080029e5   Thumb Code    10  stm32f4xx_spi.o(.text)
    SPI_GetCRC                               0x080029ef   Thumb Code    16  stm32f4xx_spi.o(.text)
    SPI_GetCRCPolynomial                     0x080029ff   Thumb Code     6  stm32f4xx_spi.o(.text)
    SPI_I2S_DMACmd                           0x08002a05   Thumb Code    18  stm32f4xx_spi.o(.text)
    SPI_I2S_ITConfig                         0x08002a17   Thumb Code    32  stm32f4xx_spi.o(.text)
    SPI_I2S_GetFlagStatus                    0x08002a37   Thumb Code    18  stm32f4xx_spi.o(.text)
    SPI_I2S_ClearFlag                        0x08002a49   Thumb Code     6  stm32f4xx_spi.o(.text)
    SPI_I2S_GetITStatus                      0x08002a4f   Thumb Code    52  stm32f4xx_spi.o(.text)
    SPI_I2S_ClearITPendingBit                0x08002a83   Thumb Code    20  stm32f4xx_spi.o(.text)
    SYSCFG_DeInit                            0x08002aad   Thumb Code    22  stm32f4xx_syscfg.o(.text)
    SYSCFG_MemoryRemapConfig                 0x08002ac3   Thumb Code     6  stm32f4xx_syscfg.o(.text)
    SYSCFG_EXTILineConfig                    0x08002ac9   Thumb Code    66  stm32f4xx_syscfg.o(.text)
    SYSCFG_ETH_MediaInterfaceConfig          0x08002b0b   Thumb Code     6  stm32f4xx_syscfg.o(.text)
    SYSCFG_CompensationCellCmd               0x08002b11   Thumb Code     6  stm32f4xx_syscfg.o(.text)
    SYSCFG_GetCompensationCellStatus         0x08002b17   Thumb Code    22  stm32f4xx_syscfg.o(.text)
    TIM_DeInit                               0x08002b39   Thumb Code   346  stm32f4xx_tim.o(.text)
    TIM_TimeBaseInit                         0x08002c93   Thumb Code   104  stm32f4xx_tim.o(.text)
    TIM_TimeBaseStructInit                   0x08002cfb   Thumb Code    18  stm32f4xx_tim.o(.text)
    TIM_PrescalerConfig                      0x08002d0d   Thumb Code     6  stm32f4xx_tim.o(.text)
    TIM_CounterModeConfig                    0x08002d13   Thumb Code    18  stm32f4xx_tim.o(.text)
    TIM_SetCounter                           0x08002d25   Thumb Code     4  stm32f4xx_tim.o(.text)
    TIM_SetAutoreload                        0x08002d29   Thumb Code     4  stm32f4xx_tim.o(.text)
    TIM_GetCounter                           0x08002d2d   Thumb Code     6  stm32f4xx_tim.o(.text)
    TIM_GetPrescaler                         0x08002d33   Thumb Code     6  stm32f4xx_tim.o(.text)
    TIM_UpdateDisableConfig                  0x08002d39   Thumb Code    24  stm32f4xx_tim.o(.text)
    TIM_UpdateRequestConfig                  0x08002d51   Thumb Code    24  stm32f4xx_tim.o(.text)
    TIM_ARRPreloadConfig                     0x08002d69   Thumb Code    24  stm32f4xx_tim.o(.text)
    TIM_SelectOnePulseMode                   0x08002d81   Thumb Code    18  stm32f4xx_tim.o(.text)
    TIM_SetClockDivision                     0x08002d93   Thumb Code    18  stm32f4xx_tim.o(.text)
    TIM_Cmd                                  0x08002da5   Thumb Code    24  stm32f4xx_tim.o(.text)
    TIM_OC1Init                              0x08002dbd   Thumb Code   114  stm32f4xx_tim.o(.text)
    TIM_OC2Init                              0x08002e2f   Thumb Code   154  stm32f4xx_tim.o(.text)
    TIM_OC3Init                              0x08002ec9   Thumb Code   204  stm32f4xx_tim.o(.text)
    TIM_OC4Init                              0x08002f95   Thumb Code   112  stm32f4xx_tim.o(.text)
    TIM_OCStructInit                         0x08003005   Thumb Code    20  stm32f4xx_tim.o(.text)
    TIM_SelectOCxM                           0x08003019   Thumb Code    86  stm32f4xx_tim.o(.text)
    TIM_SetCompare1                          0x0800306f   Thumb Code     4  stm32f4xx_tim.o(.text)
    TIM_SetCompare2                          0x08003073   Thumb Code     4  stm32f4xx_tim.o(.text)
    TIM_SetCompare3                          0x08003077   Thumb Code     4  stm32f4xx_tim.o(.text)
    TIM_SetCompare4                          0x0800307b   Thumb Code     4  stm32f4xx_tim.o(.text)
    TIM_ForcedOC1Config                      0x0800307f   Thumb Code    18  stm32f4xx_tim.o(.text)
    TIM_ForcedOC2Config                      0x08003091   Thumb Code    26  stm32f4xx_tim.o(.text)
    TIM_ForcedOC3Config                      0x080030ab   Thumb Code    18  stm32f4xx_tim.o(.text)
    TIM_ForcedOC4Config                      0x080030bd   Thumb Code    26  stm32f4xx_tim.o(.text)
    TIM_OC1PreloadConfig                     0x080030d7   Thumb Code    18  stm32f4xx_tim.o(.text)
    TIM_OC2PreloadConfig                     0x080030e9   Thumb Code    26  stm32f4xx_tim.o(.text)
    TIM_OC3PreloadConfig                     0x08003103   Thumb Code    18  stm32f4xx_tim.o(.text)
    TIM_OC4PreloadConfig                     0x08003115   Thumb Code    26  stm32f4xx_tim.o(.text)
    TIM_OC1FastConfig                        0x0800312f   Thumb Code    18  stm32f4xx_tim.o(.text)
    TIM_OC2FastConfig                        0x08003141   Thumb Code    26  stm32f4xx_tim.o(.text)
    TIM_OC3FastConfig                        0x0800315b   Thumb Code    18  stm32f4xx_tim.o(.text)
    TIM_OC4FastConfig                        0x0800316d   Thumb Code    26  stm32f4xx_tim.o(.text)
    TIM_ClearOC1Ref                          0x08003187   Thumb Code    18  stm32f4xx_tim.o(.text)
    TIM_ClearOC2Ref                          0x08003199   Thumb Code    24  stm32f4xx_tim.o(.text)
    TIM_ClearOC3Ref                          0x080031b1   Thumb Code    18  stm32f4xx_tim.o(.text)
    TIM_ClearOC4Ref                          0x080031c3   Thumb Code    24  stm32f4xx_tim.o(.text)
    TIM_OC1PolarityConfig                    0x080031db   Thumb Code    18  stm32f4xx_tim.o(.text)
    TIM_OC1NPolarityConfig                   0x080031ed   Thumb Code    18  stm32f4xx_tim.o(.text)
    TIM_OC2PolarityConfig                    0x080031ff   Thumb Code    26  stm32f4xx_tim.o(.text)
    TIM_OC2NPolarityConfig                   0x08003219   Thumb Code    26  stm32f4xx_tim.o(.text)
    TIM_OC3PolarityConfig                    0x08003233   Thumb Code    26  stm32f4xx_tim.o(.text)
    TIM_OC3NPolarityConfig                   0x0800324d   Thumb Code    26  stm32f4xx_tim.o(.text)
    TIM_OC4PolarityConfig                    0x08003267   Thumb Code    26  stm32f4xx_tim.o(.text)
    TIM_CCxCmd                               0x08003281   Thumb Code    30  stm32f4xx_tim.o(.text)
    TIM_CCxNCmd                              0x0800329f   Thumb Code    30  stm32f4xx_tim.o(.text)
    TIM_SetIC4Prescaler                      0x080032bd   Thumb Code    26  stm32f4xx_tim.o(.text)
    TIM_SetIC3Prescaler                      0x08003327   Thumb Code    18  stm32f4xx_tim.o(.text)
    TIM_SetIC2Prescaler                      0x08003381   Thumb Code    26  stm32f4xx_tim.o(.text)
    TIM_SetIC1Prescaler                      0x080033f5   Thumb Code    18  stm32f4xx_tim.o(.text)
    TIM_ICInit                               0x08003441   Thumb Code   110  stm32f4xx_tim.o(.text)
    TIM_ICStructInit                         0x080034af   Thumb Code    18  stm32f4xx_tim.o(.text)
    TIM_PWMIConfig                           0x080034c1   Thumb Code   124  stm32f4xx_tim.o(.text)
    TIM_GetCapture1                          0x0800353d   Thumb Code     6  stm32f4xx_tim.o(.text)
    TIM_GetCapture2                          0x08003543   Thumb Code     6  stm32f4xx_tim.o(.text)
    TIM_GetCapture3                          0x08003549   Thumb Code     6  stm32f4xx_tim.o(.text)
    TIM_GetCapture4                          0x0800354f   Thumb Code     6  stm32f4xx_tim.o(.text)
    TIM_BDTRConfig                           0x08003555   Thumb Code    32  stm32f4xx_tim.o(.text)
    TIM_BDTRStructInit                       0x08003575   Thumb Code    18  stm32f4xx_tim.o(.text)
    TIM_CtrlPWMOutputs                       0x08003587   Thumb Code    30  stm32f4xx_tim.o(.text)
    TIM_SelectCOM                            0x080035a5   Thumb Code    24  stm32f4xx_tim.o(.text)
    TIM_CCPreloadControl                     0x080035bd   Thumb Code    24  stm32f4xx_tim.o(.text)
    TIM_ITConfig                             0x080035d5   Thumb Code    18  stm32f4xx_tim.o(.text)
    TIM_GenerateEvent                        0x080035e7   Thumb Code     4  stm32f4xx_tim.o(.text)
    TIM_GetFlagStatus                        0x080035eb   Thumb Code    18  stm32f4xx_tim.o(.text)
    TIM_ClearFlag                            0x080035fd   Thumb Code     6  stm32f4xx_tim.o(.text)
    TIM_GetITStatus                          0x08003603   Thumb Code    34  stm32f4xx_tim.o(.text)
    TIM_ClearITPendingBit                    0x08003625   Thumb Code     6  stm32f4xx_tim.o(.text)
    TIM_DMAConfig                            0x0800362b   Thumb Code    10  stm32f4xx_tim.o(.text)
    TIM_DMACmd                               0x08003635   Thumb Code    18  stm32f4xx_tim.o(.text)
    TIM_SelectCCDMA                          0x08003647   Thumb Code    24  stm32f4xx_tim.o(.text)
    TIM_InternalClockConfig                  0x0800365f   Thumb Code    12  stm32f4xx_tim.o(.text)
    TIM_SelectInputTrigger                   0x0800366b   Thumb Code    18  stm32f4xx_tim.o(.text)
    TIM_ITRxExternalClockConfig              0x0800367d   Thumb Code    24  stm32f4xx_tim.o(.text)
    TIM_TIxExternalClockConfig               0x08003695   Thumb Code    62  stm32f4xx_tim.o(.text)
    TIM_ETRConfig                            0x080036d3   Thumb Code    28  stm32f4xx_tim.o(.text)
    TIM_ETRClockMode1Config                  0x080036ef   Thumb Code    54  stm32f4xx_tim.o(.text)
    TIM_ETRClockMode2Config                  0x08003725   Thumb Code    32  stm32f4xx_tim.o(.text)
    TIM_SelectOutputTrigger                  0x08003745   Thumb Code    18  stm32f4xx_tim.o(.text)
    TIM_SelectSlaveMode                      0x08003757   Thumb Code    18  stm32f4xx_tim.o(.text)
    TIM_SelectMasterSlaveMode                0x08003769   Thumb Code    18  stm32f4xx_tim.o(.text)
    TIM_EncoderInterfaceConfig               0x0800377b   Thumb Code    66  stm32f4xx_tim.o(.text)
    TIM_SelectHallSensor                     0x080037bd   Thumb Code    24  stm32f4xx_tim.o(.text)
    TIM_RemapConfig                          0x080037d5   Thumb Code     6  stm32f4xx_tim.o(.text)
    LIS302DL_TIMEOUT_UserCallback            0x080037dd   Thumb Code     4  stm32f4_discovery_lis302dl.o(.text)
    LIS302DL_Write                           0x08003843   Thumb Code    58  stm32f4_discovery_lis302dl.o(.text)
    LIS302DL_Init                            0x080039a3   Thumb Code    44  stm32f4_discovery_lis302dl.o(.text)
    LIS302DL_Read                            0x080039cf   Thumb Code    66  stm32f4_discovery_lis302dl.o(.text)
    LIS302DL_FilterConfig                    0x08003a11   Thumb Code    58  stm32f4_discovery_lis302dl.o(.text)
    LIS302DL_InterruptConfig                 0x08003a4b   Thumb Code    42  stm32f4_discovery_lis302dl.o(.text)
    LIS302DL_LowpowerCmd                     0x08003a75   Thumb Code    44  stm32f4_discovery_lis302dl.o(.text)
    LIS302DL_DataRateCmd                     0x08003aa1   Thumb Code    44  stm32f4_discovery_lis302dl.o(.text)
    LIS302DL_FullScaleCmd                    0x08003acd   Thumb Code    44  stm32f4_discovery_lis302dl.o(.text)
    LIS302DL_RebootCmd                       0x08003af9   Thumb Code    34  stm32f4_discovery_lis302dl.o(.text)
    LIS302DL_ReadACC                         0x08003b1b   Thumb Code   112  stm32f4_discovery_lis302dl.o(.text)
    __aeabi_dadd                             0x08003b9d   Thumb Code   322  dadd.o(.text)
    __aeabi_dsub                             0x08003cdf   Thumb Code     6  dadd.o(.text)
    __aeabi_drsub                            0x08003ce5   Thumb Code     6  dadd.o(.text)
    __aeabi_dmul                             0x08003ceb   Thumb Code   228  dmul.o(.text)
    __aeabi_ddiv                             0x08003dcf   Thumb Code   222  ddiv.o(.text)
    __aeabi_i2d                              0x08003ead   Thumb Code    34  dflti.o(.text)
    __aeabi_ui2d                             0x08003ecf   Thumb Code    26  dfltui.o(.text)
    __aeabi_d2iz                             0x08003ee9   Thumb Code    62  dfixi.o(.text)
    __aeabi_llsl                             0x08003f27   Thumb Code    30  llshl.o(.text)
    _ll_shift_l                              0x08003f27   Thumb Code     0  llshl.o(.text)
    __aeabi_llsr                             0x08003f45   Thumb Code    32  llushr.o(.text)
    _ll_ushift_r                             0x08003f45   Thumb Code     0  llushr.o(.text)
    __aeabi_lasr                             0x08003f65   Thumb Code    36  llsshr.o(.text)
    _ll_sshift_r                             0x08003f65   Thumb Code     0  llsshr.o(.text)
    __I$use$fp                               0x08003f89   Thumb Code     0  iusefp.o(.text)
    _double_round                            0x08003f89   Thumb Code    26  depilogue.o(.text)
    _double_epilogue                         0x08003fa3   Thumb Code   164  depilogue.o(.text)
    _dsqrt                                   0x08004047   Thumb Code   162  dsqrt.o(.text)
    __scatterload                            0x080040e9   Thumb Code    28  init.o(.text)
    __scatterload_rt2                        0x080040e9   Thumb Code     0  init.o(.text)
    SVC_Count                                0x0800410c   Data           4  SVC_Table.o(SVC_TABLE)
    SVC_Table                                0x08004110   Data           0  SVC_Table.o(SVC_TABLE)
    __ARM_fpclassify                         0x08004111   Thumb Code    48  fpclassify.o(i.__ARM_fpclassify)
    __hardfp_atan                            0x08004141   Thumb Code   636  atan.o(i.__hardfp_atan)
    __hardfp_sqrt                            0x08004429   Thumb Code   122  sqrt.o(i.__hardfp_sqrt)
    __kernel_poly                            0x080044a3   Thumb Code   248  poly.o(i.__kernel_poly)
    __mathlib_dbl_underflow                  0x080045a1   Thumb Code    24  dunder.o(i.__mathlib_dbl_underflow)
    __scatterload_copy                       0x080045c1   Thumb Code    14  handlers.o(i.__scatterload_copy)
    __scatterload_null                       0x080045cf   Thumb Code     2  handlers.o(i.__scatterload_null)
    __scatterload_zeroinit                   0x080045d1   Thumb Code    14  handlers.o(i.__scatterload_zeroinit)
    __set_errno                              0x080045e1   Thumb Code     6  errno.o(i.__set_errno)
    _init_box                                0x080045ed   Thumb Code    70  rt_membox.o(i._init_box)
    dbg_init                                 0x08004635   Thumb Code    34  hal_cm.o(i.dbg_init)
    dbg_task_notify                          0x08004665   Thumb Code    32  hal_cm.o(i.dbg_task_notify)
    dbg_task_switch                          0x08004685   Thumb Code    16  hal_cm.o(i.dbg_task_switch)
    fabs                                     0x08004695   Thumb Code    32  fabs.o(i.fabs)
    isr_evt_set                              0x080046e1   Thumb Code    34  rt_event.o(i.isr_evt_set)
    isr_mbx_receive                          0x08004709   Thumb Code    80  rt_mailbox.o(i.isr_mbx_receive)
    isr_mbx_send                             0x08004759   Thumb Code    14  rt_mailbox.o(i.isr_mbx_send)
    osDelay                                  0x08004769   Thumb Code    18  rt_cmsis.o(i.osDelay)
    osKernelStart                            0x08004781   Thumb Code    94  rt_cmsis.o(i.osKernelStart)
    osMessageGet                             0x080047e9   Thumb Code    64  rt_cmsis.o(i.osMessageGet)
    osMutexCreate                            0x0800482d   Thumb Code    18  rt_cmsis.o(i.osMutexCreate)
    osMutexRelease                           0x08004845   Thumb Code    18  rt_cmsis.o(i.osMutexRelease)
    osMutexWait                              0x0800485d   Thumb Code    18  rt_cmsis.o(i.osMutexWait)
    osSignalSet                              0x08004875   Thumb Code    48  rt_cmsis.o(i.osSignalSet)
    osSignalWait                             0x080048a9   Thumb Code    18  rt_cmsis.o(i.osSignalWait)
    osThreadCreate                           0x080048c1   Thumb Code    18  rt_cmsis.o(i.osThreadCreate)
    osThreadExit                             0x080048d9   Thumb Code    14  rt_cmsis.o(i.osThreadExit)
    osTimerCall                              0x080048f1   Thumb Code     8  rt_cmsis.o(i.osTimerCall)
    osTimerThread                            0x080048fd   Thumb Code    38  rt_cmsis.o(i.osTimerThread)
    rt_alloc_box                             0x08004929   Thumb Code    28  rt_membox.o(i.rt_alloc_box)
    rt_alloc_mem                             0x08004945   Thumb Code    60  rt_memory.o(i.rt_alloc_mem)
    rt_block                                 0x08004981   Thumb Code    48  rt_task.o(i.rt_block)
    rt_chk_robin                             0x080049b9   Thumb Code    58  rt_robin.o(i.rt_chk_robin)
    rt_dec_dly                               0x08004a01   Thumb Code   102  rt_list.o(i.rt_dec_dly)
    rt_dispatch                              0x08004a71   Thumb Code    60  rt_task.o(i.rt_dispatch)
    rt_dly_wait                              0x08004ab5   Thumb Code     6  rt_time.o(i.rt_dly_wait)
    rt_evt_psh                               0x08004abd   Thumb Code    76  rt_event.o(i.rt_evt_psh)
    rt_evt_set                               0x08004b0d   Thumb Code    88  rt_event.o(i.rt_evt_set)
    rt_evt_wait                              0x08004b69   Thumb Code    58  rt_event.o(i.rt_evt_wait)
    rt_free_box                              0x08004ba9   Thumb Code    32  rt_membox.o(i.rt_free_box)
    rt_free_mem                              0x08004bc9   Thumb Code    40  rt_memory.o(i.rt_free_mem)
    rt_get_first                             0x08004bf1   Thumb Code    40  rt_list.o(i.rt_get_first)
    rt_init_mem                              0x08004c61   Thumb Code    26  rt_memory.o(i.rt_init_mem)
    rt_init_robin                            0x08004c7d   Thumb Code    14  rt_robin.o(i.rt_init_robin)
    rt_init_stack                            0x08004c95   Thumb Code    70  hal_cm.o(i.rt_init_stack)
    rt_mbx_check                             0x08004ce5   Thumb Code     8  rt_mailbox.o(i.rt_mbx_check)
    rt_mbx_init                              0x08004ced   Thumb Code    26  rt_mailbox.o(i.rt_mbx_init)
    rt_mbx_psh                               0x08004d09   Thumb Code   248  rt_mailbox.o(i.rt_mbx_psh)
    rt_mbx_wait                              0x08004e05   Thumb Code   174  rt_mailbox.o(i.rt_mbx_wait)
    rt_mut_init                              0x08004ef5   Thumb Code    16  rt_mutex.o(i.rt_mut_init)
    rt_mut_release                           0x08004f05   Thumb Code   150  rt_mutex.o(i.rt_mut_release)
    rt_mut_wait                              0x08004fa5   Thumb Code    96  rt_mutex.o(i.rt_mut_wait)
    rt_pop_req                               0x08005009   Thumb Code   106  rt_system.o(i.rt_pop_req)
    rt_psh_req                               0x08005081   Thumb Code    22  rt_system.o(i.rt_psh_req)
    rt_psq_enq                               0x080050a1   Thumb Code    82  rt_list.o(i.rt_psq_enq)
    rt_put_dly                               0x080050f9   Thumb Code    88  rt_list.o(i.rt_put_dly)
    rt_put_prio                              0x08005155   Thumb Code    56  rt_list.o(i.rt_put_prio)
    rt_put_rdy_first                         0x0800518d   Thumb Code    14  rt_list.o(i.rt_put_rdy_first)
    rt_resort_prio                           0x080051a1   Thumb Code    46  rt_list.o(i.rt_resort_prio)
    rt_ret_val                               0x080051e5   Thumb Code    12  hal_cm.o(i.rt_ret_val)
    rt_ret_val2                              0x080051f1   Thumb Code    16  hal_cm.o(i.rt_ret_val2)
    rt_rmv_dly                               0x08005201   Thumb Code    40  rt_list.o(i.rt_rmv_dly)
    rt_rmv_list                              0x08005229   Thumb Code    44  rt_list.o(i.rt_rmv_list)
    rt_sem_psh                               0x08005259   Thumb Code    48  rt_semaphore.o(i.rt_sem_psh)
    rt_stk_check                             0x0800528d   Thumb Code    28  rt_system.o(i.rt_stk_check)
    rt_switch_req                            0x080052b1   Thumb Code    30  rt_task.o(i.rt_switch_req)
    rt_sys_init                              0x080052d9   Thumb Code   242  rt_task.o(i.rt_sys_init)
    rt_systick                               0x08005419   Thumb Code    48  rt_system.o(i.rt_systick)
    rt_tsk_create                            0x080054a5   Thumb Code   112  rt_task.o(i.rt_tsk_create)
    rt_tsk_delete                            0x08005525   Thumb Code   146  rt_task.o(i.rt_tsk_delete)
    rt_tsk_self                              0x080055d1   Thumb Code    12  rt_task.o(i.rt_tsk_self)
    svcDelay                                 0x080055e1   Thumb Code    20  rt_cmsis.o(i.svcDelay)
    svcKernelStart                           0x080055f5   Thumb Code   174  rt_cmsis.o(i.svcKernelStart)
    svcMessageCreate                         0x080056c9   Thumb Code    36  rt_cmsis.o(i.svcMessageCreate)
    svcMessageGet                            0x080056ed   Thumb Code    58  rt_cmsis.o(i.svcMessageGet)
    svcMutexCreate                           0x08005727   Thumb Code    28  rt_cmsis.o(i.svcMutexCreate)
    svcMutexRelease                          0x08005743   Thumb Code    34  rt_cmsis.o(i.svcMutexRelease)
    svcMutexWait                             0x08005765   Thumb Code    54  rt_cmsis.o(i.svcMutexWait)
    svcSignalSet                             0x0800579b   Thumb Code    36  rt_cmsis.o(i.svcSignalSet)
    svcSignalWait                            0x080057c1   Thumb Code    80  rt_cmsis.o(i.svcSignalWait)
    svcThreadCreate                          0x08005815   Thumb Code   100  rt_cmsis.o(i.svcThreadCreate)
    svcThreadGetId                           0x08005885   Thumb Code    22  rt_cmsis.o(i.svcThreadGetId)
    svcThreadTerminate                       0x080058a1   Thumb Code    52  rt_cmsis.o(i.svcThreadTerminate)
    svcTimerCall                             0x080058d9   Thumb Code    24  rt_cmsis.o(i.svcTimerCall)
    sysTimerTick                             0x080058f1   Thumb Code    76  rt_cmsis.o(i.sysTimerTick)
    os_maxtaskrun                            0x08005944   Data           2  rtx_conf_cm.o(.constdata)
    os_stackinfo                             0x08005948   Data           4  rtx_conf_cm.o(.constdata)
    os_rrobin                                0x0800594c   Data           4  rtx_conf_cm.o(.constdata)
    os_trv                                   0x08005950   Data           4  rtx_conf_cm.o(.constdata)
    os_flags                                 0x08005954   Data           1  rtx_conf_cm.o(.constdata)
    os_clockrate                             0x08005958   Data           4  rtx_conf_cm.o(.constdata)
    os_timernum                              0x0800595c   Data           4  rtx_conf_cm.o(.constdata)
    mp_tcb_size                              0x08005960   Data           2  rtx_conf_cm.o(.constdata)
    mp_stk_size                              0x08005964   Data           4  rtx_conf_cm.o(.constdata)
    os_stack_sz                              0x08005968   Data           4  rtx_conf_cm.o(.constdata)
    os_fifo_size                             0x0800596c   Data           1  rtx_conf_cm.o(.constdata)
    os_thread_def_osTimerThread              0x08005970   Data          16  rtx_conf_cm.o(.constdata)
    os_messageQ_def_osTimerMessageQ          0x08005980   Data           8  rtx_conf_cm.o(.constdata)
    mp_tmr_size                              0x08005988   Data           2  rtx_conf_cm.o(.constdata)
    os_thread_def_main                       0x0800598c   Data          16  rtx_conf_cm.o(.constdata)
    os_thread_def_temperatureThread          0x0800599c   Data          16  main.o(.constdata)
    os_thread_def_accelerometerThread        0x080059ac   Data          16  main.o(.constdata)
    os_thread_def_mainThread                 0x080059bc   Data          16  main.o(.constdata)
    os_thread_def_buttonSwitchThread         0x080059cc   Data          16  main.o(.constdata)
    os_thread_def_tapSwitchThread            0x080059dc   Data          16  main.o(.constdata)
    os_mutex_def_currentState_mutex          0x080059ec   Data           4  finitestatemachine.o(.constdata)
    UPPER_BOUND                              0x080059f0   Data           4  finitestatemachine.o(.constdata)
    LOWER_BOUND                              0x080059f4   Data           4  finitestatemachine.o(.constdata)
    MIDDLE_UPPER_BOUND                       0x080059f8   Data           4  finitestatemachine.o(.constdata)
    MIDDLE_LOWER_BOUND                       0x080059fc   Data           4  finitestatemachine.o(.constdata)
    UPPER_DEAD                               0x08005a00   Data           4  finitestatemachine.o(.constdata)
    LOWER_DEAD                               0x08005a04   Data           4  finitestatemachine.o(.constdata)
    MAX_PWM_DUTY_CYCLE                       0x08005a08   Data           4  finitestatemachine.o(.constdata)
    UPPER_COUNTER_BOUND                      0x08005a0c   Data           4  finitestatemachine.o(.constdata)
    MIDDLE_COUNTER_BOUND                     0x08005a10   Data           4  finitestatemachine.o(.constdata)
    bufferDepth                              0x08005a14   Data           1  movingaveragefilter.o(.constdata)
    temperatureBufferDepth                   0x08005a15   Data           1  movingaveragefilter.o(.constdata)
    os_mutex_def_xAcceleration_mutex         0x08005a18   Data           4  movingaveragefilter.o(.constdata)
    os_mutex_def_yAcceleration_mutex         0x08005a1c   Data           4  movingaveragefilter.o(.constdata)
    os_mutex_def_zAcceleration_mutex         0x08005a20   Data           4  movingaveragefilter.o(.constdata)
    os_mutex_def_temperature_mutex           0x08005a24   Data           4  movingaveragefilter.o(.constdata)
    Region$$Table$$Base                      0x08005ac0   Number         0  anon$$obj.o(Region$$Table)
    Region$$Table$$Limit                     0x08005af0   Number         0  anon$$obj.o(Region$$Table)
    mp_tcb                                   0x10000000   Data         348  rtx_conf_cm.o(.bss)
    mp_stk                                   0x10000160   Data        4816  rtx_conf_cm.o(.bss)
    os_stack_mem                             0x10001430   Data        1632  rtx_conf_cm.o(.bss)
    os_fifo                                  0x10001a90   Data         132  rtx_conf_cm.o(.bss)
    os_active_TCB                            0x10001b14   Data          28  rtx_conf_cm.o(.bss)
    os_messageQ_q_osTimerMessageQ            0x10001b30   Data          32  rtx_conf_cm.o(.bss)
    SystemCoreClock                          0x20000000   Data           4  system_stm32f4xx.o(.data)
    AHBPrescTable                            0x20000004   Data          16  system_stm32f4xx.o(.data)
    os_tmr                                   0x20000014   Data           4  rtx_conf_cm.o(.data)
    m_tmr                                    0x20000018   Data           4  rtx_conf_cm.o(.data)
    osThreadId_osTimerThread                 0x2000001c   Data           4  rtx_conf_cm.o(.data)
    osMessageQId_osTimerMessageQ             0x20000020   Data           4  rtx_conf_cm.o(.data)
    tid_temperatureThread                    0x20000024   Data           4  main.o(.data)
    tid_accelerometerThread                  0x20000028   Data           4  main.o(.data)
    tid_mainThread                           0x2000002c   Data           4  main.o(.data)
    tid_buttonSwitchThread                   0x20000030   Data           4  main.o(.data)
    tid_tapSwitchThread                      0x20000034   Data           4  main.o(.data)
    AxOffset                                 0x20000038   Data           8  accelerometermanager.o(.data)
    AyOffset                                 0x20000040   Data           8  accelerometermanager.o(.data)
    AzOffset                                 0x20000048   Data           8  accelerometermanager.o(.data)
    pitchCounter                             0x20000050   Data           4  finitestatemachine.o(.data)
    rollCounter                              0x20000054   Data           4  finitestatemachine.o(.data)
    ledBrightness                            0x20000058   Data           4  finitestatemachine.o(.data)
    prevFilterAvg                            0x2000005c   Data           4  finitestatemachine.o(.data)
    deviation                                0x20000060   Data           4  finitestatemachine.o(.data)
    currentState_mutex                       0x20000064   Data           4  finitestatemachine.o(.data)
    currentState                             0x20000068   Data           1  finitestatemachine.o(.data)
    currentLED                               0x20000069   Data           1  finitestatemachine.o(.data)
    isLed12On                                0x2000006a   Data           1  ledmanager.o(.data)
    isLed13On                                0x2000006b   Data           1  ledmanager.o(.data)
    isLed14On                                0x2000006c   Data           1  ledmanager.o(.data)
    isLed15On                                0x2000006d   Data           1  ledmanager.o(.data)
    isPinEnabled                             0x2000006e   Data           1  ledmanager.o(.data)
    xBufferPointer                           0x20000070   Data           1  movingaveragefilter.o(.data)
    yBufferPointer                           0x20000071   Data           1  movingaveragefilter.o(.data)
    zBufferPointer                           0x20000072   Data           1  movingaveragefilter.o(.data)
    temperatureBufferPointer                 0x20000073   Data           1  movingaveragefilter.o(.data)
    averageXAcceleration                     0x20000074   Data           4  movingaveragefilter.o(.data)
    averageYAcceleration                     0x20000078   Data           4  movingaveragefilter.o(.data)
    averageZAcceleration                     0x2000007c   Data           4  movingaveragefilter.o(.data)
    averageTemperature                       0x20000080   Data           4  movingaveragefilter.o(.data)
    xAcceleration_mutex                      0x20000084   Data           4  movingaveragefilter.o(.data)
    yAcceleration_mutex                      0x20000088   Data           4  movingaveragefilter.o(.data)
    zAcceleration_mutex                      0x2000008c   Data           4  movingaveragefilter.o(.data)
    temperature_mutex                        0x20000090   Data           4  movingaveragefilter.o(.data)
    temperatureInCelsius                     0x20000094   Data           4  adcmanager.o(.data)
    ADC_output                               0x20000098   Data           2  adcmanager.o(.data)
    LIS302DLTimeout                          0x200000ac   Data           4  stm32f4_discovery_lis302dl.o(.data)
    os_timer_head                            0x200000b0   Data           4  rt_cmsis.o(.data)
    os_tsk                                   0x200000b4   Data           8  rt_task.o(.data)
    os_time                                  0x200000c0   Data           2  rt_time.o(.data)
    dbg_msg                                  0x200000c2   Data           1  hal_cm.o(.data)
    os_robin                                 0x200000c4   Data           8  rt_robin.o(.data)
    os_mutex_cb_currentState_mutex           0x200000d0   Data          12  finitestatemachine.o(.bss)
    xAxisBuffer                              0x200000e0   Data          80  movingaveragefilter.o(.bss)
    yAxisBuffer                              0x20000130   Data          80  movingaveragefilter.o(.bss)
    zAxisBuffer                              0x20000180   Data          80  movingaveragefilter.o(.bss)
    temperatureBuffer                        0x200001d0   Data         240  movingaveragefilter.o(.bss)
    os_mutex_cb_xAcceleration_mutex          0x200002c0   Data          12  movingaveragefilter.o(.bss)
    os_mutex_cb_yAcceleration_mutex          0x200002cc   Data          12  movingaveragefilter.o(.bss)
    os_mutex_cb_zAcceleration_mutex          0x200002d8   Data          12  movingaveragefilter.o(.bss)
    os_mutex_cb_temperature_mutex            0x200002e4   Data          12  movingaveragefilter.o(.bss)
    os_idle_TCB                              0x200002f0   Data          48  rt_task.o(.bss)
    os_rdy                                   0x20000320   Data          24  rt_list.o(.bss)
    os_dly                                   0x20000338   Data          24  rt_list.o(.bss)
    __initial_sp                             0x20000750   Data           0  startup_stm32f4xx.o(STACK)



==============================================================================

Memory Map of the image

  Image Entry point : 0x08000189

  Load Region LR_IROM1 (Base: 0x08000000, Size: 0x00005bc0, Max: 0x00100000, ABSOLUTE)

    Execution Region ER_IROM1 (Base: 0x08000000, Size: 0x00005af0, Max: 0x00100000, ABSOLUTE)

    Base Addr    Size         Type   Attr      Idx    E Section Name        Object

    0x08000000   0x00000188   Data   RO          132    RESET               startup_stm32f4xx.o
    0x08000188   0x00000000   Code   RO         2328  * .ARM.Collect$$$$00000000  mc_w.l(entry.o)
    0x08000188   0x00000004   Code   RO         2355    .ARM.Collect$$$$00000001  mc_w.l(entry2.o)
    0x0800018c   0x00000004   Code   RO         2358    .ARM.Collect$$$$00000004  mc_w.l(entry5.o)
    0x08000190   0x00000000   Code   RO         2360    .ARM.Collect$$$$00000008  mc_w.l(entry7b.o)
    0x08000190   0x00000000   Code   RO         2362    .ARM.Collect$$$$0000000A  mc_w.l(entry8b.o)
    0x08000190   0x00000000   Code   RO         2363    .ARM.Collect$$$$0000000D  mc_w.l(entry10a.o)
    0x08000190   0x00000000   Code   RO         2365    .ARM.Collect$$$$0000000F  mc_w.l(entry11a.o)
    0x08000190   0x00000010   Code   RO          137    .ARM.Collect$$$$000000FF  rtx_conf_cm.o
    0x080001a0   0x00000004   Code   RO         2356    .ARM.Collect$$$$00002712  mc_w.l(entry2.o)
    0x080001a4   0x00000174   Code   RO         2289    .emb_text           RTX_CM4.lib(hal_cm4.o)
    0x08000318   0x0000020c   Code   RO            3    .text               system_stm32f4xx.o
    0x08000524   0x00000024   Code   RO          133    .text               startup_stm32f4xx.o
    0x08000548   0x00000008   Code   RO          138    .text               rtx_conf_cm.o
    0x08000550   0x00000184   Code   RO          171    .text               main.o
    0x080006d4   0x00000424   Code   RO          250    .text               accelerometermanager.o
    0x08000af8   0x000004ac   Code   RO          287    .text               finitestatemachine.o
    0x08000fa4   0x00000180   Code   RO          321    .text               ledmanager.o
    0x08001124   0x00000414   Code   RO          344    .text               movingaveragefilter.o
    0x08001538   0x00000248   Code   RO          375    .text               timermanager.o
    0x08001780   0x000000e4   Code   RO          398    .text               adcmanager.o
    0x08001864   0x000000e4   Code   RO          459    .text               misc.o
    0x08001948   0x00000470   Code   RO          557    .text               stm32f4xx_adc.o
    0x08001db8   0x0000011c   Code   RO          798    .text               stm32f4xx_exti.o
    0x08001ed4   0x0000025c   Code   RO          867    .text               stm32f4xx_gpio.o
    0x08002130   0x00000588   Code   RO         1016    .text               stm32f4xx_rcc.o
    0x080026b8   0x000003f4   Code   RO         1107    .text               stm32f4xx_spi.o
    0x08002aac   0x0000008c   Code   RO         1130    .text               stm32f4xx_syscfg.o
    0x08002b38   0x00000ca2   Code   RO         1150    .text               stm32f4xx_tim.o
    0x080037da   0x00000002   PAD
    0x080037dc   0x000003c0   Code   RO         1216    .text               stm32f4_discovery_lis302dl.o
    0x08003b9c   0x0000014e   Code   RO         2331    .text               mf_w.l(dadd.o)
    0x08003cea   0x000000e4   Code   RO         2333    .text               mf_w.l(dmul.o)
    0x08003dce   0x000000de   Code   RO         2335    .text               mf_w.l(ddiv.o)
    0x08003eac   0x00000022   Code   RO         2337    .text               mf_w.l(dflti.o)
    0x08003ece   0x0000001a   Code   RO         2339    .text               mf_w.l(dfltui.o)
    0x08003ee8   0x0000003e   Code   RO         2341    .text               mf_w.l(dfixi.o)
    0x08003f26   0x0000001e   Code   RO         2367    .text               mc_w.l(llshl.o)
    0x08003f44   0x00000020   Code   RO         2369    .text               mc_w.l(llushr.o)
    0x08003f64   0x00000024   Code   RO         2371    .text               mc_w.l(llsshr.o)
    0x08003f88   0x00000000   Code   RO         2380    .text               mc_w.l(iusefp.o)
    0x08003f88   0x000000be   Code   RO         2381    .text               mf_w.l(depilogue.o)
    0x08004046   0x000000a2   Code   RO         2385    .text               mf_w.l(dsqrt.o)
    0x080040e8   0x00000024   Code   RO         2389    .text               mc_w.l(init.o)
    0x0800410c   0x00000004   Code   RO         2299    SVC_TABLE           RTX_CM4.lib(SVC_Table.o)
    0x08004110   0x00000030   Code   RO         2351    i.__ARM_fpclassify  m_wm.l(fpclassify.o)
    0x08004140   0x000002e8   Code   RO         2302    i.__hardfp_atan     m_wm.l(atan.o)
    0x08004428   0x0000007a   Code   RO         2316    i.__hardfp_sqrt     m_wm.l(sqrt.o)
    0x080044a2   0x000000f8   Code   RO         2353    i.__kernel_poly     m_wm.l(poly.o)
    0x0800459a   0x00000006   PAD
    0x080045a0   0x00000020   Code   RO         2343    i.__mathlib_dbl_underflow  m_wm.l(dunder.o)
    0x080045c0   0x0000000e   Code   RO         2393    i.__scatterload_copy  mc_w.l(handlers.o)
    0x080045ce   0x00000002   Code   RO         2394    i.__scatterload_null  mc_w.l(handlers.o)
    0x080045d0   0x0000000e   Code   RO         2395    i.__scatterload_zeroinit  mc_w.l(handlers.o)
    0x080045de   0x00000002   PAD
    0x080045e0   0x0000000c   Code   RO         2375    i.__set_errno       mc_w.l(errno.o)
    0x080045ec   0x00000046   Code   RO         2162    i._init_box         RTX_CM4.lib(rt_membox.o)
    0x08004632   0x00000002   PAD
    0x08004634   0x00000030   Code   RO         2215    i.dbg_init          RTX_CM4.lib(hal_cm.o)
    0x08004664   0x00000020   Code   RO         2216    i.dbg_task_notify   RTX_CM4.lib(hal_cm.o)
    0x08004684   0x00000010   Code   RO         2217    i.dbg_task_switch   RTX_CM4.lib(hal_cm.o)
    0x08004694   0x00000020   Code   RO         2347    i.fabs              m_wm.l(fabs.o)
    0x080046b4   0x0000002c   Code   RO         1261    i.isrMessagePut     RTX_CM4.lib(rt_cmsis.o)
    0x080046e0   0x00000028   Code   RO         1908    i.isr_evt_set       RTX_CM4.lib(rt_event.o)
    0x08004708   0x00000050   Code   RO         2026    i.isr_mbx_receive   RTX_CM4.lib(rt_mailbox.o)
    0x08004758   0x0000000e   Code   RO         2027    i.isr_mbx_send      RTX_CM4.lib(rt_mailbox.o)
    0x08004766   0x00000002   PAD
    0x08004768   0x00000018   Code   RO         1262    i.osDelay           RTX_CM4.lib(rt_cmsis.o)
    0x08004780   0x00000068   Code   RO         1264    i.osKernelStart     RTX_CM4.lib(rt_cmsis.o)
    0x080047e8   0x00000044   Code   RO         1272    i.osMessageGet      RTX_CM4.lib(rt_cmsis.o)
    0x0800482c   0x00000018   Code   RO         1274    i.osMutexCreate     RTX_CM4.lib(rt_cmsis.o)
    0x08004844   0x00000018   Code   RO         1275    i.osMutexRelease    RTX_CM4.lib(rt_cmsis.o)
    0x0800485c   0x00000018   Code   RO         1276    i.osMutexWait       RTX_CM4.lib(rt_cmsis.o)
    0x08004874   0x00000034   Code   RO         1286    i.osSignalSet       RTX_CM4.lib(rt_cmsis.o)
    0x080048a8   0x00000018   Code   RO         1287    i.osSignalWait      RTX_CM4.lib(rt_cmsis.o)
    0x080048c0   0x00000018   Code   RO         1288    i.osThreadCreate    RTX_CM4.lib(rt_cmsis.o)
    0x080048d8   0x00000018   Code   RO         1289    i.osThreadExit      RTX_CM4.lib(rt_cmsis.o)
    0x080048f0   0x0000000c   Code   RO         1295    i.osTimerCall       RTX_CM4.lib(rt_cmsis.o)
    0x080048fc   0x0000002c   Code   RO         1299    i.osTimerThread     RTX_CM4.lib(rt_cmsis.o)
    0x08004928   0x0000001c   Code   RO         2163    i.rt_alloc_box      RTX_CM4.lib(rt_membox.o)
    0x08004944   0x0000003c   Code   RO         2191    i.rt_alloc_mem      RTX_CM4.lib(rt_memory.o)
    0x08004980   0x00000038   Code   RO         1783    i.rt_block          RTX_CM4.lib(rt_task.o)
    0x080049b8   0x00000048   Code   RO         2268    i.rt_chk_robin      RTX_CM4.lib(rt_robin.o)
    0x08004a00   0x00000070   Code   RO         1950    i.rt_dec_dly        RTX_CM4.lib(rt_list.o)
    0x08004a70   0x00000044   Code   RO         1784    i.rt_dispatch       RTX_CM4.lib(rt_task.o)
    0x08004ab4   0x00000006   Code   RO         2110    i.rt_dly_wait       RTX_CM4.lib(rt_time.o)
    0x08004aba   0x00000002   PAD
    0x08004abc   0x00000050   Code   RO         1911    i.rt_evt_psh        RTX_CM4.lib(rt_event.o)
    0x08004b0c   0x0000005c   Code   RO         1912    i.rt_evt_set        RTX_CM4.lib(rt_event.o)
    0x08004b68   0x00000040   Code   RO         1913    i.rt_evt_wait       RTX_CM4.lib(rt_event.o)
    0x08004ba8   0x00000020   Code   RO         2164    i.rt_free_box       RTX_CM4.lib(rt_membox.o)
    0x08004bc8   0x00000028   Code   RO         2192    i.rt_free_mem       RTX_CM4.lib(rt_memory.o)
    0x08004bf0   0x00000028   Code   RO         1951    i.rt_get_first      RTX_CM4.lib(rt_list.o)
    0x08004c18   0x00000008   Code   RO         1302    i.rt_id2obj         RTX_CM4.lib(rt_cmsis.o)
    0x08004c20   0x00000040   Code   RO         1785    i.rt_init_context   RTX_CM4.lib(rt_task.o)
    0x08004c60   0x0000001a   Code   RO         2193    i.rt_init_mem       RTX_CM4.lib(rt_memory.o)
    0x08004c7a   0x00000002   PAD
    0x08004c7c   0x00000018   Code   RO         2269    i.rt_init_robin     RTX_CM4.lib(rt_robin.o)
    0x08004c94   0x00000050   Code   RO         2218    i.rt_init_stack     RTX_CM4.lib(hal_cm.o)
    0x08004ce4   0x00000008   Code   RO         2028    i.rt_mbx_check      RTX_CM4.lib(rt_mailbox.o)
    0x08004cec   0x0000001a   Code   RO         2029    i.rt_mbx_init       RTX_CM4.lib(rt_mailbox.o)
    0x08004d06   0x00000002   PAD
    0x08004d08   0x000000fc   Code   RO         2030    i.rt_mbx_psh        RTX_CM4.lib(rt_mailbox.o)
    0x08004e04   0x000000b4   Code   RO         2032    i.rt_mbx_wait       RTX_CM4.lib(rt_mailbox.o)
    0x08004eb8   0x0000003c   Code   RO         1303    i.rt_ms2tick        RTX_CM4.lib(rt_cmsis.o)
    0x08004ef4   0x00000010   Code   RO         2137    i.rt_mut_init       RTX_CM4.lib(rt_mutex.o)
    0x08004f04   0x000000a0   Code   RO         2138    i.rt_mut_release    RTX_CM4.lib(rt_mutex.o)
    0x08004fa4   0x00000064   Code   RO         2139    i.rt_mut_wait       RTX_CM4.lib(rt_mutex.o)
    0x08005008   0x00000078   Code   RO         1862    i.rt_pop_req        RTX_CM4.lib(rt_system.o)
    0x08005080   0x00000020   Code   RO         1863    i.rt_psh_req        RTX_CM4.lib(rt_system.o)
    0x080050a0   0x00000058   Code   RO         1953    i.rt_psq_enq        RTX_CM4.lib(rt_list.o)
    0x080050f8   0x0000005c   Code   RO         1954    i.rt_put_dly        RTX_CM4.lib(rt_list.o)
    0x08005154   0x00000038   Code   RO         1955    i.rt_put_prio       RTX_CM4.lib(rt_list.o)
    0x0800518c   0x00000014   Code   RO         1956    i.rt_put_rdy_first  RTX_CM4.lib(rt_list.o)
    0x080051a0   0x00000034   Code   RO         1957    i.rt_resort_prio    RTX_CM4.lib(rt_list.o)
    0x080051d4   0x00000010   Code   RO         2219    i.rt_ret_regs       RTX_CM4.lib(hal_cm.o)
    0x080051e4   0x0000000c   Code   RO         2220    i.rt_ret_val        RTX_CM4.lib(hal_cm.o)
    0x080051f0   0x00000010   Code   RO         2221    i.rt_ret_val2       RTX_CM4.lib(hal_cm.o)
    0x08005200   0x00000028   Code   RO         1958    i.rt_rmv_dly        RTX_CM4.lib(rt_list.o)
    0x08005228   0x00000030   Code   RO         1959    i.rt_rmv_list       RTX_CM4.lib(rt_list.o)
    0x08005258   0x00000034   Code   RO         2076    i.rt_sem_psh        RTX_CM4.lib(rt_semaphore.o)
    0x0800528c   0x00000024   Code   RO         1864    i.rt_stk_check      RTX_CM4.lib(rt_system.o)
    0x080052b0   0x00000028   Code   RO         1786    i.rt_switch_req     RTX_CM4.lib(rt_task.o)
    0x080052d8   0x00000140   Code   RO         1787    i.rt_sys_init       RTX_CM4.lib(rt_task.o)
    0x08005418   0x0000003c   Code   RO         1865    i.rt_systick        RTX_CM4.lib(rt_system.o)
    0x08005454   0x00000012   Code   RO         1304    i.rt_tid2ptcb       RTX_CM4.lib(rt_cmsis.o)
    0x08005466   0x00000002   PAD
    0x08005468   0x0000003c   Code   RO         1305    i.rt_timer_insert   RTX_CM4.lib(rt_cmsis.o)
    0x080054a4   0x00000080   Code   RO         1788    i.rt_tsk_create     RTX_CM4.lib(rt_task.o)
    0x08005524   0x000000ac   Code   RO         1789    i.rt_tsk_delete     RTX_CM4.lib(rt_task.o)
    0x080055d0   0x00000010   Code   RO         1792    i.rt_tsk_self       RTX_CM4.lib(rt_task.o)
    0x080055e0   0x00000014   Code   RO         1307    i.svcDelay          RTX_CM4.lib(rt_cmsis.o)
    0x080055f4   0x000000d4   Code   RO         1308    i.svcKernelStart    RTX_CM4.lib(rt_cmsis.o)
    0x080056c8   0x00000024   Code   RO         1310    i.svcMessageCreate  RTX_CM4.lib(rt_cmsis.o)
    0x080056ec   0x0000003a   Code   RO         1311    i.svcMessageGet     RTX_CM4.lib(rt_cmsis.o)
    0x08005726   0x0000001c   Code   RO         1313    i.svcMutexCreate    RTX_CM4.lib(rt_cmsis.o)
    0x08005742   0x00000022   Code   RO         1314    i.svcMutexRelease   RTX_CM4.lib(rt_cmsis.o)
    0x08005764   0x00000036   Code   RO         1315    i.svcMutexWait      RTX_CM4.lib(rt_cmsis.o)
    0x0800579a   0x00000024   Code   RO         1322    i.svcSignalSet      RTX_CM4.lib(rt_cmsis.o)
    0x080057be   0x00000002   PAD
    0x080057c0   0x00000054   Code   RO         1323    i.svcSignalWait     RTX_CM4.lib(rt_cmsis.o)
    0x08005814   0x00000070   Code   RO         1324    i.svcThreadCreate   RTX_CM4.lib(rt_cmsis.o)
    0x08005884   0x0000001c   Code   RO         1325    i.svcThreadGetId    RTX_CM4.lib(rt_cmsis.o)
    0x080058a0   0x00000038   Code   RO         1328    i.svcThreadTerminate  RTX_CM4.lib(rt_cmsis.o)
    0x080058d8   0x00000018   Code   RO         1330    i.svcTimerCall      RTX_CM4.lib(rt_cmsis.o)
    0x080058f0   0x00000054   Code   RO         1338    i.sysTimerTick      RTX_CM4.lib(rt_cmsis.o)
    0x08005944   0x00000058   Data   RO          140    .constdata          rtx_conf_cm.o
    0x0800599c   0x00000050   Data   RO          172    .constdata          main.o
    0x080059ec   0x00000028   Data   RO          289    .constdata          finitestatemachine.o
    0x08005a14   0x00000014   Data   RO          346    .constdata          movingaveragefilter.o
    0x08005a28   0x00000098   Data   RO         2305    .constdata          m_wm.l(atan.o)
    0x08005ac0   0x00000030   Data   RO         2391    Region$$Table       anon$$obj.o


    Execution Region RW_IRAM1 (Base: 0x10000000, Size: 0x00001b50, Max: 0x0001ffff, ABSOLUTE)

    Base Addr    Size         Type   Attr      Idx    E Section Name        Object

    0x10000000   0x00001b50   Zero   RW          139    .bss                rtx_conf_cm.o


    Execution Region RW_IRAM2 (Base: 0x20000000, Size: 0x00000750, Max: 0x0001ffff, ABSOLUTE)

    Base Addr    Size         Type   Attr      Idx    E Section Name        Object

    0x20000000   0x00000014   Data   RW            4    .data               system_stm32f4xx.o
    0x20000014   0x00000010   Data   RW          141    .data               rtx_conf_cm.o
    0x20000024   0x00000014   Data   RW          173    .data               main.o
    0x20000038   0x00000018   Data   RW          252    .data               accelerometermanager.o
    0x20000050   0x0000001a   Data   RW          290    .data               finitestatemachine.o
    0x2000006a   0x00000005   Data   RW          322    .data               ledmanager.o
    0x2000006f   0x00000001   PAD
    0x20000070   0x00000024   Data   RW          347    .data               movingaveragefilter.o
    0x20000094   0x00000006   Data   RW          400    .data               adcmanager.o
    0x2000009a   0x00000010   Data   RW         1017    .data               stm32f4xx_rcc.o
    0x200000aa   0x00000002   PAD
    0x200000ac   0x00000004   Data   RW         1217    .data               stm32f4_discovery_lis302dl.o
    0x200000b0   0x00000004   Data   RW         1339    .data               RTX_CM4.lib(rt_cmsis.o)
    0x200000b4   0x00000008   Data   RW         1794    .data               RTX_CM4.lib(rt_task.o)
    0x200000bc   0x00000003   Data   RW         1868    .data               RTX_CM4.lib(rt_system.o)
    0x200000bf   0x00000001   PAD
    0x200000c0   0x00000002   Data   RW         2113    .data               RTX_CM4.lib(rt_time.o)
    0x200000c2   0x00000001   Data   RW         2222    .data               RTX_CM4.lib(hal_cm.o)
    0x200000c3   0x00000001   PAD
    0x200000c4   0x00000008   Data   RW         2270    .data               RTX_CM4.lib(rt_robin.o)
    0x200000cc   0x00000004   Data   RW         2376    .data               mc_w.l(errno.o)
    0x200000d0   0x0000000c   Zero   RW          288    .bss                finitestatemachine.o
    0x200000dc   0x00000004   PAD
    0x200000e0   0x00000210   Zero   RW          345    .bss                movingaveragefilter.o
    0x200002f0   0x00000030   Zero   RW         1793    .bss                RTX_CM4.lib(rt_task.o)
    0x20000320   0x00000030   Zero   RW         1960    .bss                RTX_CM4.lib(rt_list.o)
    0x20000350   0x00000400   Zero   RW          130    STACK               startup_stm32f4xx.o


==============================================================================

Image component sizes


      Code (inc. data)   RO Data    RW Data    ZI Data      Debug   Object Name

      1060         38          0         24          0       8940   accelerometermanager.o
       228         26          0          6          0       1803   adcmanager.o
      1196         50         40         26         12       4999   finitestatemachine.o
       384         30          0          5          0       2536   ledmanager.o
       388         48         80         20          0      11666   main.o
       228         22          0          0          0       3633   misc.o
      1044         80         20         36        528       5953   movingaveragefilter.o
        24          6         88         16       6992       6548   rtx_conf_cm.o
        36          8        392          0       1024        768   startup_stm32f4xx.o
       960         18          0          4          0       4256   stm32f4_discovery_lis302dl.o
      1136         28          0          0          0      24514   stm32f4xx_adc.o
       284         10          0          0          0       4815   stm32f4xx_exti.o
       604         36          0          0          0      10545   stm32f4xx_gpio.o
      1416         48          0         16          0      23979   stm32f4xx_rcc.o
      1012         22          0          0          0      14973   stm32f4xx_spi.o
       140         12          0          0          0       1707   stm32f4xx_syscfg.o
      3234         60          0          0          0      42192   stm32f4xx_tim.o
       524         44          0         20          0     265599   system_stm32f4xx.o
       584         18          0          0          0       2061   timermanager.o

    ----------------------------------------------------------------------
     14484        604        668        176       8560     441487   Object Totals
         0          0         48          0          0          0   (incl. Generated)
         2          0          0          3          4          0   (incl. Padding)

    ----------------------------------------------------------------------

      Code (inc. data)   RO Data    RW Data    ZI Data      Debug   Library Member Name

         4          4          0          0          0        132   SVC_Table.o
       220         24          0          1          0       3876   hal_cm.o
       372         32          0          0          0        616   hal_cm4.o
      1504        160          0          4          0      33332   rt_cmsis.o
       276         20          0          0          0       2550   rt_event.o
       548         36          0          0         48       7201   rt_list.o
       560         10          0          0          0       3829   rt_mailbox.o
       130          0          0          0          0       1837   rt_membox.o
       126          0          0          0          0       2159   rt_memory.o
       276         14          0          0          0       1869   rt_mutex.o
        96         24          0          8          0       1042   rt_robin.o
        52          4          0          0          0        557   rt_semaphore.o
       248         44          0          3          0       2066   rt_system.o
       864        154          0          8         48       7224   rt_task.o
         6          0          0          2          0        572   rt_time.o
       744        108        152          0          0        220   atan.o
        32          8          0          0          0        124   dunder.o
        32          0          0          0          0        124   fabs.o
        48          0          0          0          0        124   fpclassify.o
       248          0          0          0          0        152   poly.o
       122          0          0          0          0        148   sqrt.o
         0          0          0          0          0          0   entry.o
         0          0          0          0          0          0   entry10a.o
         0          0          0          0          0          0   entry11a.o
         8          4          0          0          0          0   entry2.o
         4          0          0          0          0          0   entry5.o
         0          0          0          0          0          0   entry7b.o
         0          0          0          0          0          0   entry8b.o
        12          6          0          4          0         68   errno.o
        30          0          0          0          0          0   handlers.o
        36          8          0          0          0         68   init.o
         0          0          0          0          0          0   iusefp.o
        30          0          0          0          0         68   llshl.o
        36          0          0          0          0         68   llsshr.o
        32          0          0          0          0         68   llushr.o
       334          0          0          0          0        148   dadd.o
       222          0          0          0          0        100   ddiv.o
       190          0          0          0          0        176   depilogue.o
        62          0          0          0          0         80   dfixi.o
        34          0          0          0          0         76   dflti.o
        26          0          0          0          0         76   dfltui.o
       228          0          0          0          0         96   dmul.o
       162          0          0          0          0        100   dsqrt.o

    ----------------------------------------------------------------------
      7976        660        152         32         96      70946   Library Totals
        22          0          0          2          0          0   (incl. Padding)

    ----------------------------------------------------------------------

      Code (inc. data)   RO Data    RW Data    ZI Data      Debug   Library Name

      5282        526          0         26         96      68862   RTX_CM4.lib
      1226        116        152          0          0        892   m_wm.l
       188         18          0          4          0        340   mc_w.l
      1258          0          0          0          0        852   mf_w.l

    ----------------------------------------------------------------------
      7976        660        152         32         96      70946   Library Totals

    ----------------------------------------------------------------------

==============================================================================


      Code (inc. data)   RO Data    RW Data    ZI Data      Debug   

     22460       1264        820        208       8656     499413   Grand Totals
     22460       1264        820        208       8656     499413   ELF Image Totals
     22460       1264        820        208          0          0   ROM Totals

==============================================================================

    Total RO  Size (Code + RO Data)                23280 (  22.73kB)
    Total RW  Size (RW Data + ZI Data)              8864 (   8.66kB)
    Total ROM Size (Code + RO Data + RW Data)      23488 (  22.94kB)

==============================================================================

